09-08 11:30:45.109 24900 24936 I TestRunner: started: order_reset_after_cancel_from_checkout(com.example.lunchtray.OrderFunctionalityTests)
09-08 11:30:45.283 24900 24936 W Settings: Setting always_finish_activities has moved from android.provider.Settings.System to android.provider.Settings.Global, returning read-only value.
09-08 11:30:45.460  1074  1135 D SplashScreenView: Build android.window.SplashScreenView{e5698ef V.E...... ......ID 0,0-0,0}
09-08 11:30:45.460  1074  1135 D SplashScreenView: Icon: view: null drawable: null size: 0
09-08 11:30:45.460  1074  1135 D SplashScreenView: Branding: view: android.view.View{5521ffc G.ED..... ......I. 0,0-0,0 #10204a6 android:id/splashscreen_branding_view} drawable: null size w: 0 h: 0
09-08 11:30:45.572  4511  4511 I GsaVoiceInteractionSrv: Handling ACTION_STOP_HOTWORD
09-08 11:30:45.573  4511  4511 E HwDetectorWithState: a: 3
09-08 11:30:45.588 24900 24900 D LifecycleMonitor: Lifecycle status change: androidx.test.core.app.InstrumentationActivityInvoker$BootstrapActivity@1592aef in: PRE_ON_CREATE
09-08 11:30:45.589 24900 24900 V ActivityScenario: Activity lifecycle changed event received but ignored because the intent does not match. startActivityIntent=Intent { act=android.intent.action.MAIN cat=[android.intent.category.LAUNCHER] cmp=com.example.lunchtray/androidx.fragment.app.testing.FragmentScenario$EmptyFragmentActivity (has extras) }, activity.getIntent()=Intent { act=android.intent.action.MAIN cat=[android.intent.category.LAUNCHER] flg=0x10008000 cmp=com.example.lunchtray/androidx.test.core.app.InstrumentationActivityInvoker$BootstrapActivity (has extras) }, activity=androidx.test.core.app.InstrumentationActivityInvoker$BootstrapActivity@1592aef
09-08 11:30:45.595 24900 24900 V ActivityScenario: Activity lifecycle changed event received but ignored because the intent does not match. startActivityIntent=Intent { act=android.intent.action.MAIN cat=[android.intent.category.LAUNCHER] cmp=com.example.lunchtray/.MainActivity }, activity.getIntent()=Intent { act=android.intent.action.MAIN cat=[android.intent.category.LAUNCHER] flg=0x10008000 cmp=com.example.lunchtray/androidx.test.core.app.InstrumentationActivityInvoker$BootstrapActivity (has extras) }, activity=androidx.test.core.app.InstrumentationActivityInvoker$BootstrapActivity@1592aef
09-08 11:30:45.686 21874 21897 D EGL_emulation: app_time_stats: avg=100.13ms min=9.18ms max=704.93ms count=14
09-08 11:30:45.700 24900 24900 D LifecycleMonitor: Lifecycle status change: androidx.test.core.app.InstrumentationActivityInvoker$BootstrapActivity@1592aef in: CREATED
09-08 11:30:45.705 24900 24900 V ActivityScenario: Activity lifecycle changed event received but ignored because the intent does not match. startActivityIntent=Intent { act=android.intent.action.MAIN cat=[android.intent.category.LAUNCHER] cmp=com.example.lunchtray/androidx.fragment.app.testing.FragmentScenario$EmptyFragmentActivity (has extras) }, activity.getIntent()=Intent { act=android.intent.action.MAIN cat=[android.intent.category.LAUNCHER] flg=0x10008000 cmp=com.example.lunchtray/androidx.test.core.app.InstrumentationActivityInvoker$BootstrapActivity (has extras) }, activity=androidx.test.core.app.InstrumentationActivityInvoker$BootstrapActivity@1592aef
09-08 11:30:45.706 24900 24900 V ActivityScenario: Activity lifecycle changed event received but ignored because the intent does not match. startActivityIntent=Intent { act=android.intent.action.MAIN cat=[android.intent.category.LAUNCHER] cmp=com.example.lunchtray/.MainActivity }, activity.getIntent()=Intent { act=android.intent.action.MAIN cat=[android.intent.category.LAUNCHER] flg=0x10008000 cmp=com.example.lunchtray/androidx.test.core.app.InstrumentationActivityInvoker$BootstrapActivity (has extras) }, activity=androidx.test.core.app.InstrumentationActivityInvoker$BootstrapActivity@1592aef
09-08 11:30:45.732 24900 24900 D LifecycleMonitor: Lifecycle status change: androidx.test.core.app.InstrumentationActivityInvoker$BootstrapActivity@1592aef in: STARTED
09-08 11:30:45.742 24900 24900 V ActivityScenario: Activity lifecycle changed event received but ignored because the intent does not match. startActivityIntent=Intent { act=android.intent.action.MAIN cat=[android.intent.category.LAUNCHER] cmp=com.example.lunchtray/androidx.fragment.app.testing.FragmentScenario$EmptyFragmentActivity (has extras) }, activity.getIntent()=Intent { act=android.intent.action.MAIN cat=[android.intent.category.LAUNCHER] flg=0x10008000 cmp=com.example.lunchtray/androidx.test.core.app.InstrumentationActivityInvoker$BootstrapActivity (has extras) }, activity=androidx.test.core.app.InstrumentationActivityInvoker$BootstrapActivity@1592aef
09-08 11:30:45.755 24900 24900 V ActivityScenario: Activity lifecycle changed event received but ignored because the intent does not match. startActivityIntent=Intent { act=android.intent.action.MAIN cat=[android.intent.category.LAUNCHER] cmp=com.example.lunchtray/.MainActivity }, activity.getIntent()=Intent { act=android.intent.action.MAIN cat=[android.intent.category.LAUNCHER] flg=0x10008000 cmp=com.example.lunchtray/androidx.test.core.app.InstrumentationActivityInvoker$BootstrapActivity (has extras) }, activity=androidx.test.core.app.InstrumentationActivityInvoker$BootstrapActivity@1592aef
09-08 11:30:45.788   342   376 D goldfish-address-space: claimShared: Ask to claim region [0x3f68f9000 0x3f729d000]
09-08 11:30:45.840 24900 24900 D LifecycleMonitor: Lifecycle status change: androidx.test.core.app.InstrumentationActivityInvoker$BootstrapActivity@1592aef in: RESUMED
09-08 11:30:45.849 24900 24900 V ActivityScenario: Activity lifecycle changed event received but ignored because the intent does not match. startActivityIntent=Intent { act=android.intent.action.MAIN cat=[android.intent.category.LAUNCHER] cmp=com.example.lunchtray/androidx.fragment.app.testing.FragmentScenario$EmptyFragmentActivity (has extras) }, activity.getIntent()=Intent { act=android.intent.action.MAIN cat=[android.intent.category.LAUNCHER] flg=0x10008000 cmp=com.example.lunchtray/androidx.test.core.app.InstrumentationActivityInvoker$BootstrapActivity (has extras) }, activity=androidx.test.core.app.InstrumentationActivityInvoker$BootstrapActivity@1592aef
09-08 11:30:45.854 24900 24900 V ActivityScenario: Activity lifecycle changed event received but ignored because the intent does not match. startActivityIntent=Intent { act=android.intent.action.MAIN cat=[android.intent.category.LAUNCHER] cmp=com.example.lunchtray/.MainActivity }, activity.getIntent()=Intent { act=android.intent.action.MAIN cat=[android.intent.category.LAUNCHER] flg=0x10008000 cmp=com.example.lunchtray/androidx.test.core.app.InstrumentationActivityInvoker$BootstrapActivity (has extras) }, activity=androidx.test.core.app.InstrumentationActivityInvoker$BootstrapActivity@1592aef
09-08 11:30:45.873   342   376 D goldfish-address-space: claimShared: Ask to claim region [0x3f729d000 0x3f7c41000]
09-08 11:30:45.879   342   376 D goldfish-address-space: claimShared: Ask to claim region [0x3f5348000 0x3f5cec000]
09-08 11:30:45.899 24900 24900 D LifecycleMonitor: Lifecycle status change: androidx.test.core.app.InstrumentationActivityInvoker$BootstrapActivity@1592aef in: PAUSED
09-08 11:30:45.910 24900 24900 V ActivityScenario: Activity lifecycle changed event received but ignored because the intent does not match. startActivityIntent=Intent { act=android.intent.action.MAIN cat=[android.intent.category.LAUNCHER] cmp=com.example.lunchtray/androidx.fragment.app.testing.FragmentScenario$EmptyFragmentActivity (has extras) }, activity.getIntent()=Intent { act=android.intent.action.MAIN cat=[android.intent.category.LAUNCHER] flg=0x10008000 cmp=com.example.lunchtray/androidx.test.core.app.InstrumentationActivityInvoker$BootstrapActivity (has extras) }, activity=androidx.test.core.app.InstrumentationActivityInvoker$BootstrapActivity@1592aef
09-08 11:30:45.917 24900 24900 V ActivityScenario: Activity lifecycle changed event received but ignored because the intent does not match. startActivityIntent=Intent { act=android.intent.action.MAIN cat=[android.intent.category.LAUNCHER] cmp=com.example.lunchtray/.MainActivity }, activity.getIntent()=Intent { act=android.intent.action.MAIN cat=[android.intent.category.LAUNCHER] flg=0x10008000 cmp=com.example.lunchtray/androidx.test.core.app.InstrumentationActivityInvoker$BootstrapActivity (has extras) }, activity=androidx.test.core.app.InstrumentationActivityInvoker$BootstrapActivity@1592aef
09-08 11:30:46.106 24900 24900 D LifecycleMonitor: Lifecycle status change: com.example.lunchtray.MainActivity@8cbdc94 in: PRE_ON_CREATE
09-08 11:30:46.121 24900 24900 V ActivityScenario: Activity lifecycle changed event received but ignored because the intent does not match. startActivityIntent=Intent { act=android.intent.action.MAIN cat=[android.intent.category.LAUNCHER] cmp=com.example.lunchtray/androidx.fragment.app.testing.FragmentScenario$EmptyFragmentActivity (has extras) }, activity.getIntent()=Intent { act=android.intent.action.MAIN cat=[android.intent.category.LAUNCHER] cmp=com.example.lunchtray/.MainActivity }, activity=com.example.lunchtray.MainActivity@8cbdc94
09-08 11:30:46.122 24900 24900 V ActivityScenario: Activity lifecycle changed event received but ignored because the reported transition was not ON_CREATE while the last known transition was PRE_ON_CREATE
09-08 11:30:46.249  1074  1138 D EGL_emulation: app_time_stats: avg=782.07ms min=28.23ms max=1535.90ms count=2
09-08 11:30:46.261  1074  1138 D EGL_emulation: app_time_stats: avg=869.40ms min=226.62ms max=1512.18ms count=2
09-08 11:30:46.792 24900 24900 D LifecycleMonitor: Lifecycle status change: com.example.lunchtray.MainActivity@8cbdc94 in: CREATED
09-08 11:30:46.802 24900 24900 V ActivityScenario: Activity lifecycle changed event received but ignored because the intent does not match. startActivityIntent=Intent { act=android.intent.action.MAIN cat=[android.intent.category.LAUNCHER] cmp=com.example.lunchtray/androidx.fragment.app.testing.FragmentScenario$EmptyFragmentActivity (has extras) }, activity.getIntent()=Intent { act=android.intent.action.MAIN cat=[android.intent.category.LAUNCHER] cmp=com.example.lunchtray/.MainActivity }, activity=com.example.lunchtray.MainActivity@8cbdc94
09-08 11:30:46.804 24900 24900 V ActivityScenario: Update currentActivityStage to CREATED, currentActivity=com.example.lunchtray.MainActivity@8cbdc94
09-08 11:30:46.917 24900 24900 D LifecycleMonitor: Lifecycle status change: com.example.lunchtray.MainActivity@8cbdc94 in: STARTED
09-08 11:30:46.921 24900 24900 V ActivityScenario: Activity lifecycle changed event received but ignored because the intent does not match. startActivityIntent=Intent { act=android.intent.action.MAIN cat=[android.intent.category.LAUNCHER] cmp=com.example.lunchtray/androidx.fragment.app.testing.FragmentScenario$EmptyFragmentActivity (has extras) }, activity.getIntent()=Intent { act=android.intent.action.MAIN cat=[android.intent.category.LAUNCHER] cmp=com.example.lunchtray/.MainActivity }, activity=com.example.lunchtray.MainActivity@8cbdc94
09-08 11:30:46.926 24900 24900 V ActivityScenario: Update currentActivityStage to STARTED, currentActivity=com.example.lunchtray.MainActivity@8cbdc94
09-08 11:30:46.938 24900 24900 D LifecycleMonitor: Lifecycle status change: com.example.lunchtray.MainActivity@8cbdc94 in: RESUMED
09-08 11:30:46.943 24900 24900 V ActivityScenario: Activity lifecycle changed event received but ignored because the intent does not match. startActivityIntent=Intent { act=android.intent.action.MAIN cat=[android.intent.category.LAUNCHER] cmp=com.example.lunchtray/androidx.fragment.app.testing.FragmentScenario$EmptyFragmentActivity (has extras) }, activity.getIntent()=Intent { act=android.intent.action.MAIN cat=[android.intent.category.LAUNCHER] cmp=com.example.lunchtray/.MainActivity }, activity=com.example.lunchtray.MainActivity@8cbdc94
09-08 11:30:46.944 24900 24900 V ActivityScenario: Update currentActivityStage to RESUMED, currentActivity=com.example.lunchtray.MainActivity@8cbdc94
09-08 11:30:47.038 11934 11934 I A       : onApplyWindowInsets: systemWindowInsets=Insets{left=0, top=145, right=0, bottom=132}
09-08 11:30:47.039 11934 11934 I A       : onApplyWindowInsets: systemWindowInsets=Insets{left=0, top=145, right=0, bottom=132}
09-08 11:30:47.094 24900 24900 D LifecycleMonitor: Lifecycle status change: androidx.test.core.app.InstrumentationActivityInvoker$BootstrapActivity@1592aef in: STOPPED
09-08 11:30:47.106 24900 24900 V ActivityScenario: Activity lifecycle changed event received but ignored because the intent does not match. startActivityIntent=Intent { act=android.intent.action.MAIN cat=[android.intent.category.LAUNCHER] cmp=com.example.lunchtray/androidx.fragment.app.testing.FragmentScenario$EmptyFragmentActivity (has extras) }, activity.getIntent()=Intent { act=android.intent.action.MAIN cat=[android.intent.category.LAUNCHER] flg=0x10008000 cmp=com.example.lunchtray/androidx.test.core.app.InstrumentationActivityInvoker$BootstrapActivity (has extras) }, activity=androidx.test.core.app.InstrumentationActivityInvoker$BootstrapActivity@1592aef
09-08 11:30:47.109 24900 24900 V ActivityScenario: Activity lifecycle changed event received but ignored because the intent does not match. startActivityIntent=Intent { act=android.intent.action.MAIN cat=[android.intent.category.LAUNCHER] cmp=com.example.lunchtray/.MainActivity }, activity.getIntent()=Intent { act=android.intent.action.MAIN cat=[android.intent.category.LAUNCHER] flg=0x10008000 cmp=com.example.lunchtray/androidx.test.core.app.InstrumentationActivityInvoker$BootstrapActivity (has extras) }, activity=androidx.test.core.app.InstrumentationActivityInvoker$BootstrapActivity@1592aef
09-08 11:30:47.242   342   376 D goldfish-address-space: claimShared: Ask to claim region [0x3f0c58000 0x3f15fc000]
09-08 11:30:47.272   342   376 D goldfish-address-space: claimShared: Ask to claim region [0x3f5cec000 0x3f6690000]
09-08 11:30:47.279   342   376 D goldfish-address-space: claimShared: Ask to claim region [0x3f4000000 0x3f49a4000]
09-08 11:30:47.362  1074  1138 D EGL_emulation: app_time_stats: avg=69.94ms min=13.50ms max=398.54ms count=15
09-08 11:30:47.486 24900 24900 D RootViewPicker: Root not ready - waiting: 10ms for one to appear.
09-08 11:30:47.508   561   607 I ActivityTaskManager: Displayed com.example.lunchtray/.MainActivity: +2s92ms
09-08 11:30:47.564   561   610 W system_server: Long monitor contention with owner android.anim (611) at void com.android.server.wm.WindowAnimator.lambda$new$1$WindowAnimator(long)(WindowAnimator.java:110) waiters=0 in void com.android.server.wm.WindowManagerService$H.handleMessage(android.os.Message) for 149ms
09-08 11:30:47.573  3680  3680 I GoogleInputMethodService: GoogleInputMethodService.onFinishInput():3420
09-08 11:30:47.575  3680  3680 I GoogleInputMethodService: GoogleInputMethodService.onStartInput():2002
09-08 11:30:47.584  3680  3680 I DeviceUnlockedTag: DeviceUnlockedTag.notifyDeviceLockStatusChanged():31 Notify device unlocked.
09-08 11:30:47.654 24900 24900 I ViewInteraction: Performing 'single click' action on view view.getId() is <2131231208/com.example.lunchtray:id/start_order_btn>
09-08 11:30:48.408  1074  1138 D EGL_emulation: app_time_stats: avg=145.50ms min=45.98ms max=298.70ms count=7
09-08 11:30:48.444   561   600 W InputManager-JNI: Input channel object '8142588 Splash Screen com.example.lunchtray (client)' was disposed without first being removed with the input manager!
09-08 11:30:48.478 24900 24939 D EGL_emulation: app_time_stats: avg=44.26ms min=5.48ms max=104.26ms count=20
09-08 11:30:48.702 24900 24900 I Choreographer: Skipped 38 frames!  The application may be doing too much work on its main thread.
09-08 11:30:48.972 24900 24998 I OpenGLRenderer: Davey! duration=876ms; Flags=0, FrameTimelineVsyncId=209352, IntendedVsync=26259793460130, Vsync=26260426793438, InputEventId=-182739527, HandleInputStart=26260450501200, AnimationStart=26260450643400, PerformTraversalsStart=26260454224400, DrawStart=26260604747800, FrameDeadline=26259826793462, FrameInterval=26260435160100, FrameStartTime=16666666, SyncQueued=26260640872100, SyncStart=26260652937700, IssueDrawCommandsStart=26260654137200, SwapBuffers=26260673165000, FrameCompleted=26260682049800, DequeueBufferDuration=74400, QueueBufferDuration=1142500, GpuCompleted=26260681620400, SwapBuffersCompleted=26260682049800, DisplayPresentTime=0,
09-08 11:30:49.175 24900 24900 I ViewInteraction: Performing 'single click' action on view view.getId() is <2131230844/com.example.lunchtray:id/cauliflower>
09-08 11:30:49.324   403   507 D AudioFlinger: mixer(0x78f335051a70) throttle end: throttle time(32)
09-08 11:30:49.498 24900 24939 D EGL_emulation: app_time_stats: avg=33.81ms min=7.02ms max=204.30ms count=27
09-08 11:30:49.620 24900 24900 I ViewInteraction: Performing 'single click' action on view view.getId() is <2131231081/com.example.lunchtray:id/next_button>
09-08 11:30:49.841   403   507 D AudioFlinger: mixer(0x78f335051a70) throttle end: throttle time(17)
09-08 11:30:50.566 24900 24900 I ViewInteraction: Performing 'single click' action on view view.getId() is <2131231138/com.example.lunchtray:id/salad>
09-08 11:30:50.646 24900 24939 D EGL_emulation: app_time_stats: avg=28.79ms min=8.41ms max=255.39ms count=36
09-08 11:30:51.075 24900 24900 I ViewInteraction: Performing 'single click' action on view view.getId() is <2131231081/com.example.lunchtray:id/next_button>
09-08 11:30:51.660 24900 24939 D EGL_emulation: app_time_stats: avg=17.55ms min=7.03ms max=49.87ms count=45
09-08 11:30:51.802  5020 12512 I PhenotypeProcessReaper: Memory state is: 125
09-08 11:30:52.072 24900 24900 I ViewInteraction: Performing 'single click' action on view view.getId() is <2131230835/com.example.lunchtray:id/bread>
09-08 11:30:52.479 24900 24900 I ViewInteraction: Performing 'single click' action on view view.getId() is <2131231081/com.example.lunchtray:id/next_button>
09-08 11:30:52.681 24900 24939 D EGL_emulation: app_time_stats: avg=25.70ms min=7.51ms max=191.96ms count=34
09-08 11:30:53.453 24900 24900 I ViewInteraction: Performing 'single click' action on view view.getId() is <2131230842/com.example.lunchtray:id/cancel_button>
09-08 11:30:53.572   403   507 D AF::Track: interceptBuffer: took 26342us to intercept 0 tracks
09-08 11:30:53.688 24900 24939 D EGL_emulation: app_time_stats: avg=35.61ms min=12.99ms max=276.34ms count=27
09-08 11:30:54.012 24900 24900 I ViewInteraction: Performing 'single click' action on view view.getId() is <2131231208/com.example.lunchtray:id/start_order_btn>
09-08 11:30:54.211   403   507 D AF::Track: interceptBuffer: took 1102us to intercept 0 tracks
09-08 11:30:54.239   403   507 D AudioFlinger: mixer(0x78f335051a70) throttle end: throttle time(5)
09-08 11:30:54.691 24900 24939 D EGL_emulation: app_time_stats: avg=23.90ms min=6.96ms max=193.21ms count=33
09-08 11:30:55.034 24900 24900 I ViewInteraction: Checking 'MatchesViewAssertion{viewMatcher=(view has effective visibility <VISIBLE> and view.getGlobalVisibleRect() to return non-empty rectangle)}' assertion on view an instance of android.widget.TextView and view.getText() with or without transformation to match: is "Subtotal: $0.00"
09-08 11:30:55.039 24900 24936 I TestRunner: finished: order_reset_after_cancel_from_checkout(com.example.lunchtray.OrderFunctionalityTests)
