09-08 11:29:33.214 24900 24936 I TestRunner: started: order_reset_after_cancel_from_accompaniment_menu(com.example.lunchtray.OrderFunctionalityTests)
09-08 11:29:33.295 24900 24900 D LifecycleMonitor: Lifecycle status change: androidx.fragment.app.testing.FragmentScenario$EmptyFragmentActivity@20e8a43 in: DESTROYED
09-08 11:29:33.296 24900 24900 V ActivityScenario: Update currentActivityStage to DESTROYED, currentActivity=null
09-08 11:29:33.314   561   600 W InputManager-JNI: Input channel object 'cbc2568 com.example.lunchtray/androidx.fragment.app.testing.FragmentScenario$EmptyFragmentActivity (client)' was disposed without first being removed with the input manager!
09-08 11:29:33.482 24900 24936 W Settings: Setting always_finish_activities has moved from android.provider.Settings.System to android.provider.Settings.Global, returning read-only value.
09-08 11:29:33.556  1074  1135 D SplashScreenView: Build android.window.SplashScreenView{d2045a V.E...... ......ID 0,0-0,0}
09-08 11:29:33.556  1074  1135 D SplashScreenView: Icon: view: null drawable: null size: 0
09-08 11:29:33.556  1074  1135 D SplashScreenView: Branding: view: android.view.View{e5b768b G.ED..... ......I. 0,0-0,0 #10204a6 android:id/splashscreen_branding_view} drawable: null size w: 0 h: 0
09-08 11:29:33.722   342   376 D goldfish-address-space: claimShared: Ask to claim region [0x3f0000000 0x3f09a4000]
09-08 11:29:33.762   342   376 D goldfish-address-space: claimShared: Ask to claim region [0x3f2386000 0x3f2d2a000]
09-08 11:29:33.782   342   376 D goldfish-address-space: claimShared: Ask to claim region [0x3f4000000 0x3f49a4000]
09-08 11:29:33.786 24900 24900 D LifecycleMonitor: Lifecycle status change: androidx.test.core.app.InstrumentationActivityInvoker$BootstrapActivity@5a3b41b in: PRE_ON_CREATE
09-08 11:29:33.794 24900 24900 V ActivityScenario: Activity lifecycle changed event received but ignored because the intent does not match. startActivityIntent=Intent { act=android.intent.action.MAIN cat=[android.intent.category.LAUNCHER] cmp=com.example.lunchtray/androidx.fragment.app.testing.FragmentScenario$EmptyFragmentActivity (has extras) }, activity.getIntent()=Intent { act=android.intent.action.MAIN cat=[android.intent.category.LAUNCHER] flg=0x10008000 cmp=com.example.lunchtray/androidx.test.core.app.InstrumentationActivityInvoker$BootstrapActivity (has extras) }, activity=androidx.test.core.app.InstrumentationActivityInvoker$BootstrapActivity@5a3b41b
09-08 11:29:33.798 24900 24900 V ActivityScenario: Activity lifecycle changed event received but ignored because the intent does not match. startActivityIntent=Intent { act=android.intent.action.MAIN cat=[android.intent.category.LAUNCHER] cmp=com.example.lunchtray/.MainActivity }, activity.getIntent()=Intent { act=android.intent.action.MAIN cat=[android.intent.category.LAUNCHER] flg=0x10008000 cmp=com.example.lunchtray/androidx.test.core.app.InstrumentationActivityInvoker$BootstrapActivity (has extras) }, activity=androidx.test.core.app.InstrumentationActivityInvoker$BootstrapActivity@5a3b41b
09-08 11:29:33.849  4511  4511 I GsaVoiceInteractionSrv: Handling ACTION_STOP_HOTWORD
09-08 11:29:33.849  4511  4511 E HwDetectorWithState: a: 3
09-08 11:29:33.856 24900 24900 D LifecycleMonitor: Lifecycle status change: androidx.test.core.app.InstrumentationActivityInvoker$BootstrapActivity@5a3b41b in: CREATED
09-08 11:29:33.857 24900 24900 V ActivityScenario: Activity lifecycle changed event received but ignored because the intent does not match. startActivityIntent=Intent { act=android.intent.action.MAIN cat=[android.intent.category.LAUNCHER] cmp=com.example.lunchtray/androidx.fragment.app.testing.FragmentScenario$EmptyFragmentActivity (has extras) }, activity.getIntent()=Intent { act=android.intent.action.MAIN cat=[android.intent.category.LAUNCHER] flg=0x10008000 cmp=com.example.lunchtray/androidx.test.core.app.InstrumentationActivityInvoker$BootstrapActivity (has extras) }, activity=androidx.test.core.app.InstrumentationActivityInvoker$BootstrapActivity@5a3b41b
09-08 11:29:33.859 24900 24900 V ActivityScenario: Activity lifecycle changed event received but ignored because the intent does not match. startActivityIntent=Intent { act=android.intent.action.MAIN cat=[android.intent.category.LAUNCHER] cmp=com.example.lunchtray/.MainActivity }, activity.getIntent()=Intent { act=android.intent.action.MAIN cat=[android.intent.category.LAUNCHER] flg=0x10008000 cmp=com.example.lunchtray/androidx.test.core.app.InstrumentationActivityInvoker$BootstrapActivity (has extras) }, activity=androidx.test.core.app.InstrumentationActivityInvoker$BootstrapActivity@5a3b41b
09-08 11:29:33.881 24900 24900 D LifecycleMonitor: Lifecycle status change: androidx.test.core.app.InstrumentationActivityInvoker$BootstrapActivity@5a3b41b in: STARTED
09-08 11:29:33.888 24900 24900 V ActivityScenario: Activity lifecycle changed event received but ignored because the intent does not match. startActivityIntent=Intent { act=android.intent.action.MAIN cat=[android.intent.category.LAUNCHER] cmp=com.example.lunchtray/androidx.fragment.app.testing.FragmentScenario$EmptyFragmentActivity (has extras) }, activity.getIntent()=Intent { act=android.intent.action.MAIN cat=[android.intent.category.LAUNCHER] flg=0x10008000 cmp=com.example.lunchtray/androidx.test.core.app.InstrumentationActivityInvoker$BootstrapActivity (has extras) }, activity=androidx.test.core.app.InstrumentationActivityInvoker$BootstrapActivity@5a3b41b
09-08 11:29:33.893 24900 24900 V ActivityScenario: Activity lifecycle changed event received but ignored because the intent does not match. startActivityIntent=Intent { act=android.intent.action.MAIN cat=[android.intent.category.LAUNCHER] cmp=com.example.lunchtray/.MainActivity }, activity.getIntent()=Intent { act=android.intent.action.MAIN cat=[android.intent.category.LAUNCHER] flg=0x10008000 cmp=com.example.lunchtray/androidx.test.core.app.InstrumentationActivityInvoker$BootstrapActivity (has extras) }, activity=androidx.test.core.app.InstrumentationActivityInvoker$BootstrapActivity@5a3b41b
09-08 11:29:33.947 21874 21897 D EGL_emulation: app_time_stats: avg=122.05ms min=11.26ms max=961.02ms count=15
09-08 11:29:33.952 24900 24900 D LifecycleMonitor: Lifecycle status change: androidx.test.core.app.InstrumentationActivityInvoker$BootstrapActivity@5a3b41b in: RESUMED
09-08 11:29:33.953 24900 24900 V ActivityScenario: Activity lifecycle changed event received but ignored because the intent does not match. startActivityIntent=Intent { act=android.intent.action.MAIN cat=[android.intent.category.LAUNCHER] cmp=com.example.lunchtray/androidx.fragment.app.testing.FragmentScenario$EmptyFragmentActivity (has extras) }, activity.getIntent()=Intent { act=android.intent.action.MAIN cat=[android.intent.category.LAUNCHER] flg=0x10008000 cmp=com.example.lunchtray/androidx.test.core.app.InstrumentationActivityInvoker$BootstrapActivity (has extras) }, activity=androidx.test.core.app.InstrumentationActivityInvoker$BootstrapActivity@5a3b41b
09-08 11:29:33.954 24900 24900 V ActivityScenario: Activity lifecycle changed event received but ignored because the intent does not match. startActivityIntent=Intent { act=android.intent.action.MAIN cat=[android.intent.category.LAUNCHER] cmp=com.example.lunchtray/.MainActivity }, activity.getIntent()=Intent { act=android.intent.action.MAIN cat=[android.intent.category.LAUNCHER] flg=0x10008000 cmp=com.example.lunchtray/androidx.test.core.app.InstrumentationActivityInvoker$BootstrapActivity (has extras) }, activity=androidx.test.core.app.InstrumentationActivityInvoker$BootstrapActivity@5a3b41b
09-08 11:29:34.024 24900 24900 D LifecycleMonitor: Lifecycle status change: androidx.test.core.app.InstrumentationActivityInvoker$BootstrapActivity@5a3b41b in: PAUSED
09-08 11:29:34.030 24900 24900 V ActivityScenario: Activity lifecycle changed event received but ignored because the intent does not match. startActivityIntent=Intent { act=android.intent.action.MAIN cat=[android.intent.category.LAUNCHER] cmp=com.example.lunchtray/androidx.fragment.app.testing.FragmentScenario$EmptyFragmentActivity (has extras) }, activity.getIntent()=Intent { act=android.intent.action.MAIN cat=[android.intent.category.LAUNCHER] flg=0x10008000 cmp=com.example.lunchtray/androidx.test.core.app.InstrumentationActivityInvoker$BootstrapActivity (has extras) }, activity=androidx.test.core.app.InstrumentationActivityInvoker$BootstrapActivity@5a3b41b
09-08 11:29:34.039 24900 24900 V ActivityScenario: Activity lifecycle changed event received but ignored because the intent does not match. startActivityIntent=Intent { act=android.intent.action.MAIN cat=[android.intent.category.LAUNCHER] cmp=com.example.lunchtray/.MainActivity }, activity.getIntent()=Intent { act=android.intent.action.MAIN cat=[android.intent.category.LAUNCHER] flg=0x10008000 cmp=com.example.lunchtray/androidx.test.core.app.InstrumentationActivityInvoker$BootstrapActivity (has extras) }, activity=androidx.test.core.app.InstrumentationActivityInvoker$BootstrapActivity@5a3b41b
09-08 11:29:34.088 11934 11934 I A       : onApplyWindowInsets: systemWindowInsets=Insets{left=0, top=145, right=0, bottom=132}
09-08 11:29:34.109 11934 11934 I A       : onApplyWindowInsets: systemWindowInsets=Insets{left=0, top=145, right=0, bottom=132}
09-08 11:29:34.207  1074  1138 D EGL_emulation: app_time_stats: avg=675.81ms min=292.06ms max=1059.56ms count=2
09-08 11:29:34.384  1074  1138 D EGL_emulation: app_time_stats: avg=683.58ms min=66.72ms max=1300.45ms count=2
09-08 11:29:34.658 24900 24900 D LifecycleMonitor: Lifecycle status change: com.example.lunchtray.MainActivity@98bc3c9 in: PRE_ON_CREATE
09-08 11:29:34.659 24900 24900 V ActivityScenario: Activity lifecycle changed event received but ignored because the intent does not match. startActivityIntent=Intent { act=android.intent.action.MAIN cat=[android.intent.category.LAUNCHER] cmp=com.example.lunchtray/androidx.fragment.app.testing.FragmentScenario$EmptyFragmentActivity (has extras) }, activity.getIntent()=Intent { act=android.intent.action.MAIN cat=[android.intent.category.LAUNCHER] cmp=com.example.lunchtray/.MainActivity }, activity=com.example.lunchtray.MainActivity@98bc3c9
09-08 11:29:34.666 24900 24900 V ActivityScenario: Activity lifecycle changed event received but ignored because the reported transition was not ON_CREATE while the last known transition was PRE_ON_CREATE
09-08 11:29:34.840   561   573 I system_server: Background young concurrent copying GC freed 214481(10MB) AllocSpace objects, 45(4856KB) LOS objects, 35% free, 28MB/44MB, paused 2.314ms,378us total 742.154ms
09-08 11:29:35.722 10842 10842 D BoundBrokerSvc: onUnbind: Intent { act=com.google.android.gms.feedback.internal.IFeedbackService cmp=com.google.android.gms/.chimera.GmsBoundBrokerService }
09-08 11:29:35.726 24900 24900 W ample.lunchtra: Accessing hidden method Landroid/view/View;->computeFitSystemWindows(Landroid/graphics/Rect;Landroid/graphics/Rect;)Z (unsupported, reflection, allowed)
09-08 11:29:35.731 24900 24900 W ample.lunchtra: Accessing hidden method Landroid/view/ViewGroup;->makeOptionalFitsSystemWindows()V (unsupported, reflection, allowed)
09-08 11:29:35.851 24900 24900 D LifecycleMonitor: Lifecycle status change: com.example.lunchtray.MainActivity@98bc3c9 in: CREATED
09-08 11:29:35.853 24900 24900 V ActivityScenario: Activity lifecycle changed event received but ignored because the intent does not match. startActivityIntent=Intent { act=android.intent.action.MAIN cat=[android.intent.category.LAUNCHER] cmp=com.example.lunchtray/androidx.fragment.app.testing.FragmentScenario$EmptyFragmentActivity (has extras) }, activity.getIntent()=Intent { act=android.intent.action.MAIN cat=[android.intent.category.LAUNCHER] cmp=com.example.lunchtray/.MainActivity }, activity=com.example.lunchtray.MainActivity@98bc3c9
09-08 11:29:35.856 24900 24900 V ActivityScenario: Update currentActivityStage to CREATED, currentActivity=com.example.lunchtray.MainActivity@98bc3c9
09-08 11:29:36.051 24900 24900 D LifecycleMonitor: Lifecycle status change: com.example.lunchtray.MainActivity@98bc3c9 in: STARTED
09-08 11:29:36.054 24900 24900 V ActivityScenario: Activity lifecycle changed event received but ignored because the intent does not match. startActivityIntent=Intent { act=android.intent.action.MAIN cat=[android.intent.category.LAUNCHER] cmp=com.example.lunchtray/androidx.fragment.app.testing.FragmentScenario$EmptyFragmentActivity (has extras) }, activity.getIntent()=Intent { act=android.intent.action.MAIN cat=[android.intent.category.LAUNCHER] cmp=com.example.lunchtray/.MainActivity }, activity=com.example.lunchtray.MainActivity@98bc3c9
09-08 11:29:36.057 24900 24900 V ActivityScenario: Update currentActivityStage to STARTED, currentActivity=com.example.lunchtray.MainActivity@98bc3c9
09-08 11:29:36.065 24900 24900 D LifecycleMonitor: Lifecycle status change: com.example.lunchtray.MainActivity@98bc3c9 in: RESUMED
09-08 11:29:36.067 24900 24900 V ActivityScenario: Activity lifecycle changed event received but ignored because the intent does not match. startActivityIntent=Intent { act=android.intent.action.MAIN cat=[android.intent.category.LAUNCHER] cmp=com.example.lunchtray/androidx.fragment.app.testing.FragmentScenario$EmptyFragmentActivity (has extras) }, activity.getIntent()=Intent { act=android.intent.action.MAIN cat=[android.intent.category.LAUNCHER] cmp=com.example.lunchtray/.MainActivity }, activity=com.example.lunchtray.MainActivity@98bc3c9
09-08 11:29:36.070 24900 24900 V ActivityScenario: Update currentActivityStage to RESUMED, currentActivity=com.example.lunchtray.MainActivity@98bc3c9
09-08 11:29:36.191   342   376 D goldfish-address-space: claimShared: Ask to claim region [0x3f3546000 0x3f3eea000]
09-08 11:29:36.231   342   376 D goldfish-address-space: claimShared: Ask to claim region [0x3f09a4000 0x3f1348000]
09-08 11:29:36.242   342   376 D goldfish-address-space: claimShared: Ask to claim region [0x3f1348000 0x3f1cec000]
09-08 11:29:36.569  3680  3680 I GoogleInputMethodService: GoogleInputMethodService.onFinishInput():3420
09-08 11:29:36.570  3680  3680 I GoogleInputMethodService: GoogleInputMethodService.onStartInput():2002
09-08 11:29:36.589  3680  3680 I DeviceUnlockedTag: DeviceUnlockedTag.notifyDeviceLockStatusChanged():31 Notify device unlocked.
09-08 11:29:36.703   561  2051 W InputManager-JNI: Input channel object '1aff27d Splash Screen com.example.lunchtray (client)' was disposed without first being removed with the input manager!
09-08 11:29:36.730 24900 24900 I ViewInteraction: Performing 'single click' action on view view.getId() is <2131231208/com.example.lunchtray:id/start_order_btn>
09-08 11:29:36.891 24900 24900 D LifecycleMonitor: Lifecycle status change: androidx.test.core.app.InstrumentationActivityInvoker$BootstrapActivity@5a3b41b in: STOPPED
09-08 11:29:36.902 24900 24900 V ActivityScenario: Activity lifecycle changed event received but ignored because the intent does not match. startActivityIntent=Intent { act=android.intent.action.MAIN cat=[android.intent.category.LAUNCHER] cmp=com.example.lunchtray/androidx.fragment.app.testing.FragmentScenario$EmptyFragmentActivity (has extras) }, activity.getIntent()=Intent { act=android.intent.action.MAIN cat=[android.intent.category.LAUNCHER] flg=0x10008000 cmp=com.example.lunchtray/androidx.test.core.app.InstrumentationActivityInvoker$BootstrapActivity (has extras) }, activity=androidx.test.core.app.InstrumentationActivityInvoker$BootstrapActivity@5a3b41b
09-08 11:29:36.920 24900 24900 V ActivityScenario: Activity lifecycle changed event received but ignored because the intent does not match. startActivityIntent=Intent { act=android.intent.action.MAIN cat=[android.intent.category.LAUNCHER] cmp=com.example.lunchtray/.MainActivity }, activity.getIntent()=Intent { act=android.intent.action.MAIN cat=[android.intent.category.LAUNCHER] flg=0x10008000 cmp=com.example.lunchtray/androidx.test.core.app.InstrumentationActivityInvoker$BootstrapActivity (has extras) }, activity=androidx.test.core.app.InstrumentationActivityInvoker$BootstrapActivity@5a3b41b
09-08 11:29:37.556 24900 24939 D EGL_emulation: app_time_stats: avg=37.22ms min=7.01ms max=256.21ms count=32
09-08 11:29:37.907 21507 21514 I .apps.wellbein: WaitForGcToComplete blocked HeapTrim on None for 10.810ms
09-08 11:29:38.031 24900 24900 I Choreographer: Skipped 56 frames!  The application may be doing too much work on its main thread.
09-08 11:29:38.676 24900 24900 I ViewInteraction: Performing 'single click' action on view view.getId() is <2131230844/com.example.lunchtray:id/cauliflower>
09-08 11:29:38.763 24900 24939 D EGL_emulation: app_time_stats: avg=28.52ms min=6.99ms max=249.16ms count=36
09-08 11:29:38.823   403   507 D AudioFlinger: mixer(0x78f335051a70) throttle end: throttle time(36)
09-08 11:29:39.186 24900 24900 I ViewInteraction: Performing 'single click' action on view view.getId() is <2131231081/com.example.lunchtray:id/next_button>
09-08 11:29:39.426   403   507 D AudioFlinger: mixer(0x78f335051a70) throttle end: throttle time(15)
09-08 11:29:39.763 24900 24939 D EGL_emulation: app_time_stats: avg=19.80ms min=6.07ms max=39.29ms count=42
09-08 11:29:40.304 24900 24900 I Choreographer: Skipped 54 frames!  The application may be doing too much work on its main thread.
09-08 11:29:40.775 24900 24939 D EGL_emulation: app_time_stats: avg=24.77ms min=8.65ms max=39.25ms count=37
09-08 11:29:41.013 24900 24900 I ViewInteraction: Performing 'single click' action on view view.getId() is <2131231187/com.example.lunchtray:id/soup>
09-08 11:29:41.504 24900 24900 I ViewInteraction: Performing 'single click' action on view view.getId() is <2131231081/com.example.lunchtray:id/next_button>
09-08 11:29:41.808 24900 24939 D EGL_emulation: app_time_stats: avg=29.63ms min=8.38ms max=239.14ms count=31
09-08 11:29:42.390 24900 24900 I Choreographer: Skipped 41 frames!  The application may be doing too much work on its main thread.
09-08 11:29:42.625 24900 24913 I OpenGLRenderer: Davey! duration=909ms; Flags=0, FrameTimelineVsyncId=202986, IntendedVsync=26193426796118, Vsync=26194110129424, InputEventId=0, HandleInputStart=26194123375800, AnimationStart=26194123462400, PerformTraversalsStart=26194126897900, DrawStart=26194235534500, FrameDeadline=26193460129450, FrameInterval=26194122942900, FrameStartTime=16666666, SyncQueued=26194304809900, SyncStart=26194306281900, IssueDrawCommandsStart=26194308214400, SwapBuffers=26194330465000, FrameCompleted=26194338137500, DequeueBufferDuration=103800, QueueBufferDuration=1790400, GpuCompleted=26194337621900, SwapBuffersCompleted=26194338137500, DisplayPresentTime=0,
09-08 11:29:42.839 24900 24900 I ViewInteraction: Performing 'single click' action on view view.getId() is <2131230835/com.example.lunchtray:id/bread>
09-08 11:29:42.913 24900 24939 D EGL_emulation: app_time_stats: avg=23.87ms min=7.85ms max=189.47ms count=38
09-08 11:29:43.031   403   507 D AF::Track: interceptBuffer: took 589us to intercept 0 tracks
09-08 11:29:43.339 24900 24900 I ViewInteraction: Performing 'single click' action on view view.getId() is <2131230842/com.example.lunchtray:id/cancel_button>
09-08 11:29:43.517   403   507 D AudioFlinger: mixer(0x78f335051a70) throttle end: throttle time(7)
09-08 11:29:44.069 24900 24900 I ViewInteraction: Performing 'single click' action on view view.getId() is <2131231208/com.example.lunchtray:id/start_order_btn>
09-08 11:29:44.118 24900 24939 D EGL_emulation: app_time_stats: avg=25.41ms min=7.23ms max=204.81ms count=41
09-08 11:29:44.958 24900 24913 I OpenGLRenderer: Davey! duration=718ms; Flags=0, FrameTimelineVsyncId=203229, IntendedVsync=26195960129350, Vsync=26196393462666, InputEventId=0, HandleInputStart=26196403965600, AnimationStart=26196404031200, PerformTraversalsStart=26196405102800, DrawStart=26196605185000, FrameDeadline=26195993462682, FrameInterval=26196403921600, FrameStartTime=16666666, SyncQueued=26196651848600, SyncStart=26196652575100, IssueDrawCommandsStart=26196653524200, SwapBuffers=26196663761500, FrameCompleted=26196679007000, DequeueBufferDuration=73100, QueueBufferDuration=1674500, GpuCompleted=26196679007000, SwapBuffersCompleted=26196668062200, DisplayPresentTime=0,
09-08 11:29:45.294 24900 24900 I ViewInteraction: Checking 'MatchesViewAssertion{viewMatcher=(view has effective visibility <VISIBLE> and view.getGlobalVisibleRect() to return non-empty rectangle)}' assertion on view an instance of android.widget.TextView and view.getText() with or without transformation to match: is "Subtotal: $0.00"
09-08 11:29:45.299 24900 24936 I TestRunner: finished: order_reset_after_cancel_from_accompaniment_menu(com.example.lunchtray.OrderFunctionalityTests)
