09-08 11:30:38.744 24900 24936 I TestRunner: started: radio_buttons_update_entree_menu_subtotal(com.example.lunchtray.OrderFunctionalityTests)
09-08 11:30:38.768 24900 24900 D LifecycleMonitor: Lifecycle status change: com.example.lunchtray.MainActivity@5515d7e in: DESTROYED
09-08 11:30:38.805 24900 24939 D OpenGLRenderer: endAllActiveAnimators on 0x79bada375f20 (RippleDrawable) with handle 0x79b9ea2612e0
09-08 11:30:38.806 24900 24939 D OpenGLRenderer: endAllActiveAnimators on 0x79bada365730 (RippleDrawable) with handle 0x79b9ea27c400
09-08 11:30:38.806 24900 24939 D OpenGLRenderer: endAllActiveAnimators on 0x79bada3555b0 (RippleDrawable) with handle 0x79b9ea26f8f0
09-08 11:30:38.815   561   600 W InputManager-JNI: Input channel object '56609a8 com.example.lunchtray/com.example.lunchtray.MainActivity (client)' was disposed without first being removed with the input manager!
09-08 11:30:38.887 11934 11941 I earchbox:searc: CollectorTransition concurrent copying GC freed 9496(419KB) AllocSpace objects, 0(0B) LOS objects, 49% free, 12MB/25MB, paused 12.507ms,306us total 1.585s
09-08 11:30:38.923 24900 24936 W Settings: Setting always_finish_activities has moved from android.provider.Settings.System to android.provider.Settings.Global, returning read-only value.
09-08 11:30:39.014  1074  1135 D SplashScreenView: Build android.window.SplashScreenView{806bf9e V.E...... ......ID 0,0-0,0}
09-08 11:30:39.014  1074  1135 D SplashScreenView: Icon: view: null drawable: null size: 0
09-08 11:30:39.014  1074  1135 D SplashScreenView: Branding: view: android.view.View{b75ea7f G.ED..... ......I. 0,0-0,0 #10204a6 android:id/splashscreen_branding_view} drawable: null size w: 0 h: 0
09-08 11:30:39.109   342   342 D goldfish-address-space: claimShared: Ask to claim region [0x3f2386000 0x3f2d2a000]
09-08 11:30:39.153   342   342 D goldfish-address-space: claimShared: Ask to claim region [0x3f0c58000 0x3f15fc000]
09-08 11:30:39.157   342   376 D goldfish-address-space: claimShared: Ask to claim region [0x3f49a4000 0x3f5348000]
09-08 11:30:39.227 24900 24900 D LifecycleMonitor: Lifecycle status change: androidx.test.core.app.InstrumentationActivityInvoker$BootstrapActivity@d75bbaa in: PRE_ON_CREATE
09-08 11:30:39.230 24900 24900 V ActivityScenario: Activity lifecycle changed event received but ignored because the intent does not match. startActivityIntent=Intent { act=android.intent.action.MAIN cat=[android.intent.category.LAUNCHER] cmp=com.example.lunchtray/androidx.fragment.app.testing.FragmentScenario$EmptyFragmentActivity (has extras) }, activity.getIntent()=Intent { act=android.intent.action.MAIN cat=[android.intent.category.LAUNCHER] flg=0x10008000 cmp=com.example.lunchtray/androidx.test.core.app.InstrumentationActivityInvoker$BootstrapActivity (has extras) }, activity=androidx.test.core.app.InstrumentationActivityInvoker$BootstrapActivity@d75bbaa
09-08 11:30:39.271 24900 24900 D LifecycleMonitor: Lifecycle status change: androidx.test.core.app.InstrumentationActivityInvoker$BootstrapActivity@d75bbaa in: CREATED
09-08 11:30:39.278 24900 24900 V ActivityScenario: Activity lifecycle changed event received but ignored because the intent does not match. startActivityIntent=Intent { act=android.intent.action.MAIN cat=[android.intent.category.LAUNCHER] cmp=com.example.lunchtray/androidx.fragment.app.testing.FragmentScenario$EmptyFragmentActivity (has extras) }, activity.getIntent()=Intent { act=android.intent.action.MAIN cat=[android.intent.category.LAUNCHER] flg=0x10008000 cmp=com.example.lunchtray/androidx.test.core.app.InstrumentationActivityInvoker$BootstrapActivity (has extras) }, activity=androidx.test.core.app.InstrumentationActivityInvoker$BootstrapActivity@d75bbaa
09-08 11:30:39.338 24900 24900 D LifecycleMonitor: Lifecycle status change: androidx.test.core.app.InstrumentationActivityInvoker$BootstrapActivity@d75bbaa in: STARTED
09-08 11:30:39.343 24900 24900 V ActivityScenario: Activity lifecycle changed event received but ignored because the intent does not match. startActivityIntent=Intent { act=android.intent.action.MAIN cat=[android.intent.category.LAUNCHER] cmp=com.example.lunchtray/androidx.fragment.app.testing.FragmentScenario$EmptyFragmentActivity (has extras) }, activity.getIntent()=Intent { act=android.intent.action.MAIN cat=[android.intent.category.LAUNCHER] flg=0x10008000 cmp=com.example.lunchtray/androidx.test.core.app.InstrumentationActivityInvoker$BootstrapActivity (has extras) }, activity=androidx.test.core.app.InstrumentationActivityInvoker$BootstrapActivity@d75bbaa
09-08 11:30:39.428  4511  4511 I GsaVoiceInteractionSrv: Handling ACTION_STOP_HOTWORD
09-08 11:30:39.428  4511  4511 E HwDetectorWithState: a: 3
09-08 11:30:39.479 24900 24900 D LifecycleMonitor: Lifecycle status change: androidx.test.core.app.InstrumentationActivityInvoker$BootstrapActivity@d75bbaa in: RESUMED
09-08 11:30:39.483 24900 24900 V ActivityScenario: Activity lifecycle changed event received but ignored because the intent does not match. startActivityIntent=Intent { act=android.intent.action.MAIN cat=[android.intent.category.LAUNCHER] cmp=com.example.lunchtray/androidx.fragment.app.testing.FragmentScenario$EmptyFragmentActivity (has extras) }, activity.getIntent()=Intent { act=android.intent.action.MAIN cat=[android.intent.category.LAUNCHER] flg=0x10008000 cmp=com.example.lunchtray/androidx.test.core.app.InstrumentationActivityInvoker$BootstrapActivity (has extras) }, activity=androidx.test.core.app.InstrumentationActivityInvoker$BootstrapActivity@d75bbaa
09-08 11:30:39.538 24900 24900 D LifecycleMonitor: Lifecycle status change: androidx.test.core.app.InstrumentationActivityInvoker$BootstrapActivity@d75bbaa in: PAUSED
09-08 11:30:39.539 24900 24900 V ActivityScenario: Activity lifecycle changed event received but ignored because the intent does not match. startActivityIntent=Intent { act=android.intent.action.MAIN cat=[android.intent.category.LAUNCHER] cmp=com.example.lunchtray/androidx.fragment.app.testing.FragmentScenario$EmptyFragmentActivity (has extras) }, activity.getIntent()=Intent { act=android.intent.action.MAIN cat=[android.intent.category.LAUNCHER] flg=0x10008000 cmp=com.example.lunchtray/androidx.test.core.app.InstrumentationActivityInvoker$BootstrapActivity (has extras) }, activity=androidx.test.core.app.InstrumentationActivityInvoker$BootstrapActivity@d75bbaa
09-08 11:30:39.584 21874 21897 D EGL_emulation: app_time_stats: avg=129.65ms min=10.32ms max=972.96ms count=13
09-08 11:30:39.683  1074  1138 D EGL_emulation: app_time_stats: avg=647.90ms min=321.55ms max=974.25ms count=2
09-08 11:30:39.722  1074  1138 D EGL_emulation: app_time_stats: avg=505.86ms min=63.63ms max=959.28ms count=3
09-08 11:30:39.750 24900 24900 D LifecycleMonitor: Lifecycle status change: androidx.fragment.app.testing.FragmentScenario$EmptyFragmentActivity@20eae80 in: PRE_ON_CREATE
09-08 11:30:39.751 24900 24900 V ActivityScenario: Activity lifecycle changed event received but ignored because the reported transition was not ON_CREATE while the last known transition was PRE_ON_CREATE
09-08 11:30:39.806 11934 11934 I A       : onApplyWindowInsets: systemWindowInsets=Insets{left=0, top=145, right=0, bottom=132}
09-08 11:30:39.813 24900 24900 D LifecycleMonitor: Lifecycle status change: androidx.fragment.app.testing.FragmentScenario$EmptyFragmentActivity@20eae80 in: CREATED
09-08 11:30:39.819 24900 24900 V ActivityScenario: Update currentActivityStage to CREATED, currentActivity=androidx.fragment.app.testing.FragmentScenario$EmptyFragmentActivity@20eae80
09-08 11:30:39.826 11934 11934 I A       : onApplyWindowInsets: systemWindowInsets=Insets{left=0, top=145, right=0, bottom=132}
09-08 11:30:39.851 24900 24900 D LifecycleMonitor: Lifecycle status change: androidx.fragment.app.testing.FragmentScenario$EmptyFragmentActivity@20eae80 in: STARTED
09-08 11:30:39.854 24900 24900 V ActivityScenario: Update currentActivityStage to STARTED, currentActivity=androidx.fragment.app.testing.FragmentScenario$EmptyFragmentActivity@20eae80
09-08 11:30:39.861 24900 24900 D LifecycleMonitor: Lifecycle status change: androidx.fragment.app.testing.FragmentScenario$EmptyFragmentActivity@20eae80 in: RESUMED
09-08 11:30:39.862 24900 24900 V ActivityScenario: Update currentActivityStage to RESUMED, currentActivity=androidx.fragment.app.testing.FragmentScenario$EmptyFragmentActivity@20eae80
09-08 11:30:39.954   342   376 D goldfish-address-space: claimShared: Ask to claim region [0x3f5348000 0x3f5cec000]
09-08 11:30:39.971   342   376 D goldfish-address-space: claimShared: Ask to claim region [0x3f68f9000 0x3f729d000]
09-08 11:30:39.981   342   376 D goldfish-address-space: claimShared: Ask to claim region [0x3f729d000 0x3f7c41000]
09-08 11:30:40.289   561   607 I ActivityTaskManager: Displayed com.example.lunchtray/androidx.fragment.app.testing.FragmentScenario$EmptyFragmentActivity: +1s230ms
09-08 11:30:40.403 24900 24900 D LifecycleMonitor: Lifecycle status change: androidx.test.core.app.InstrumentationActivityInvoker$BootstrapActivity@d75bbaa in: STOPPED
09-08 11:30:40.407 24900 24900 V ActivityScenario: Activity lifecycle changed event received but ignored because the intent does not match. startActivityIntent=Intent { act=android.intent.action.MAIN cat=[android.intent.category.LAUNCHER] cmp=com.example.lunchtray/androidx.fragment.app.testing.FragmentScenario$EmptyFragmentActivity (has extras) }, activity.getIntent()=Intent { act=android.intent.action.MAIN cat=[android.intent.category.LAUNCHER] flg=0x10008000 cmp=com.example.lunchtray/androidx.test.core.app.InstrumentationActivityInvoker$BootstrapActivity (has extras) }, activity=androidx.test.core.app.InstrumentationActivityInvoker$BootstrapActivity@d75bbaa
09-08 11:30:40.470  1074  1082 I ndroid.systemu: NativeAlloc concurrent copying GC freed 27651(1375KB) AllocSpace objects, 0(0B) LOS objects, 49% free, 10MB/21MB, paused 1.245ms,346us total 3.371s
09-08 11:30:40.622   561   600 W InputManager-JNI: Input channel object '37c9d8b Splash Screen com.example.lunchtray (client)' was disposed without first being removed with the input manager!
09-08 11:30:40.636  3680  3680 I GoogleInputMethodService: GoogleInputMethodService.onFinishInput():3420
09-08 11:30:40.642  3680  3680 I GoogleInputMethodService: GoogleInputMethodService.onStartInput():2002
09-08 11:30:40.686  3680  3680 I DeviceUnlockedTag: DeviceUnlockedTag.notifyDeviceLockStatusChanged():31 Notify device unlocked.
09-08 11:30:40.832 24900 24900 I ViewInteraction: Performing 'single click' action on view view.getId() is <2131230844/com.example.lunchtray:id/cauliflower>
09-08 11:30:41.293 24900 24900 I ViewInteraction: Checking 'MatchesViewAssertion{viewMatcher=an instance of android.widget.TextView and view.getText() with or without transformation to match: a string containing "Subtotal: $7.00"}' assertion on view view.getId() is <2131231217/com.example.lunchtray:id/subtotal>
09-08 11:30:41.313 24900 24900 I ViewInteraction: Performing 'single click' action on view view.getId() is <2131230858/com.example.lunchtray:id/chili>
09-08 11:30:41.489   403   507 D AudioFlinger: mixer(0x78f335051a70) throttle end: throttle time(17)
09-08 11:30:41.616 24900 24939 D EGL_emulation: app_time_stats: avg=41.37ms min=8.05ms max=575.18ms count=36
09-08 11:30:41.895 24900 24900 I ViewInteraction: Checking 'MatchesViewAssertion{viewMatcher=an instance of android.widget.TextView and view.getText() with or without transformation to match: a string containing "Subtotal: $4.00"}' assertion on view view.getId() is <2131231217/com.example.lunchtray:id/subtotal>
09-08 11:30:41.941 24900 24900 I ViewInteraction: Performing 'single click' action on view view.getId() is <2131231106/com.example.lunchtray:id/pasta>
09-08 11:30:42.644 24900 24939 D EGL_emulation: app_time_stats: avg=18.54ms min=7.42ms max=75.19ms count=43
09-08 11:30:42.670 24900 24900 I ViewInteraction: Checking 'MatchesViewAssertion{viewMatcher=an instance of android.widget.TextView and view.getText() with or without transformation to match: a string containing "Subtotal: $5.50"}' assertion on view view.getId() is <2131231217/com.example.lunchtray:id/subtotal>
09-08 11:30:42.689 24900 24900 I ViewInteraction: Performing 'single click' action on view view.getId() is <2131231175/com.example.lunchtray:id/skillet>
09-08 11:30:43.116 24900 24900 I ViewInteraction: Checking 'MatchesViewAssertion{viewMatcher=an instance of android.widget.TextView and view.getText() with or without transformation to match: a string containing "Subtotal: $5.50"}' assertion on view view.getId() is <2131231217/com.example.lunchtray:id/subtotal>
09-08 11:30:43.120 24900 24936 I TestRunner: finished: radio_buttons_update_entree_menu_subtotal(com.example.lunchtray.OrderFunctionalityTests)
