09-08 11:29:46.751 24900 24936 I TestRunner: started: subtotal_updates_in_full_order_flow(com.example.lunchtray.OrderFunctionalityTests)
09-08 11:29:46.790 24900 24900 D LifecycleMonitor: Lifecycle status change: com.example.lunchtray.MainActivity@98bc3c9 in: DESTROYED
09-08 11:29:46.796 24900 24900 V ActivityScenario: Activity lifecycle changed event received but ignored because the intent does not match. startActivityIntent=Intent { act=android.intent.action.MAIN cat=[android.intent.category.LAUNCHER] cmp=com.example.lunchtray/androidx.fragment.app.testing.FragmentScenario$EmptyFragmentActivity (has extras) }, activity.getIntent()=Intent { act=android.intent.action.MAIN cat=[android.intent.category.LAUNCHER] cmp=com.example.lunchtray/.MainActivity }, activity=com.example.lunchtray.MainActivity@98bc3c9
09-08 11:29:46.797 24900 24900 V ActivityScenario: Update currentActivityStage to DESTROYED, currentActivity=null
09-08 11:29:46.810   561   601 W InputManager-JNI: Input channel object '10becff com.example.lunchtray/com.example.lunchtray.MainActivity (client)' was disposed without first being removed with the input manager!
09-08 11:29:46.930 24900 24936 W Settings: Setting always_finish_activities has moved from android.provider.Settings.System to android.provider.Settings.Global, returning read-only value.
09-08 11:29:46.993  1074  1135 D SplashScreenView: Build android.window.SplashScreenView{1dfb92d V.E...... ......ID 0,0-0,0}
09-08 11:29:46.993  1074  1135 D SplashScreenView: Icon: view: null drawable: null size: 0
09-08 11:29:46.993  1074  1135 D SplashScreenView: Branding: view: android.view.View{c7bbe62 G.ED..... ......I. 0,0-0,0 #10204a6 android:id/splashscreen_branding_view} drawable: null size w: 0 h: 0
09-08 11:29:47.142   342   376 D goldfish-address-space: claimShared: Ask to claim region [0x3f3546000 0x3f3eea000]
09-08 11:29:47.185 24900 24900 D LifecycleMonitor: Lifecycle status change: androidx.test.core.app.InstrumentationActivityInvoker$BootstrapActivity@9b09eae in: PRE_ON_CREATE
09-08 11:29:47.194 24900 24900 V ActivityScenario: Activity lifecycle changed event received but ignored because the intent does not match. startActivityIntent=Intent { act=android.intent.action.MAIN cat=[android.intent.category.LAUNCHER] cmp=com.example.lunchtray/androidx.fragment.app.testing.FragmentScenario$EmptyFragmentActivity (has extras) }, activity.getIntent()=Intent { act=android.intent.action.MAIN cat=[android.intent.category.LAUNCHER] flg=0x10008000 cmp=com.example.lunchtray/androidx.test.core.app.InstrumentationActivityInvoker$BootstrapActivity (has extras) }, activity=androidx.test.core.app.InstrumentationActivityInvoker$BootstrapActivity@9b09eae
09-08 11:29:47.207 24900 24900 V ActivityScenario: Activity lifecycle changed event received but ignored because the intent does not match. startActivityIntent=Intent { act=android.intent.action.MAIN cat=[android.intent.category.LAUNCHER] cmp=com.example.lunchtray/.MainActivity }, activity.getIntent()=Intent { act=android.intent.action.MAIN cat=[android.intent.category.LAUNCHER] flg=0x10008000 cmp=com.example.lunchtray/androidx.test.core.app.InstrumentationActivityInvoker$BootstrapActivity (has extras) }, activity=androidx.test.core.app.InstrumentationActivityInvoker$BootstrapActivity@9b09eae
09-08 11:29:47.213 24900 24900 V ActivityScenario: Activity lifecycle changed event received but ignored because the intent does not match. startActivityIntent=Intent { act=android.intent.action.MAIN cat=[android.intent.category.LAUNCHER] cmp=com.example.lunchtray/.MainActivity }, activity.getIntent()=Intent { act=android.intent.action.MAIN cat=[android.intent.category.LAUNCHER] flg=0x10008000 cmp=com.example.lunchtray/androidx.test.core.app.InstrumentationActivityInvoker$BootstrapActivity (has extras) }, activity=androidx.test.core.app.InstrumentationActivityInvoker$BootstrapActivity@9b09eae
09-08 11:29:47.248  4511  4511 I GsaVoiceInteractionSrv: Handling ACTION_STOP_HOTWORD
09-08 11:29:47.248 24900 24900 D LifecycleMonitor: Lifecycle status change: androidx.test.core.app.InstrumentationActivityInvoker$BootstrapActivity@9b09eae in: CREATED
09-08 11:29:47.254  4511  4511 E HwDetectorWithState: a: 3
09-08 11:29:47.261 24900 24900 V ActivityScenario: Activity lifecycle changed event received but ignored because the intent does not match. startActivityIntent=Intent { act=android.intent.action.MAIN cat=[android.intent.category.LAUNCHER] cmp=com.example.lunchtray/androidx.fragment.app.testing.FragmentScenario$EmptyFragmentActivity (has extras) }, activity.getIntent()=Intent { act=android.intent.action.MAIN cat=[android.intent.category.LAUNCHER] flg=0x10008000 cmp=com.example.lunchtray/androidx.test.core.app.InstrumentationActivityInvoker$BootstrapActivity (has extras) }, activity=androidx.test.core.app.InstrumentationActivityInvoker$BootstrapActivity@9b09eae
09-08 11:29:47.268 24900 24900 V ActivityScenario: Activity lifecycle changed event received but ignored because the intent does not match. startActivityIntent=Intent { act=android.intent.action.MAIN cat=[android.intent.category.LAUNCHER] cmp=com.example.lunchtray/.MainActivity }, activity.getIntent()=Intent { act=android.intent.action.MAIN cat=[android.intent.category.LAUNCHER] flg=0x10008000 cmp=com.example.lunchtray/androidx.test.core.app.InstrumentationActivityInvoker$BootstrapActivity (has extras) }, activity=androidx.test.core.app.InstrumentationActivityInvoker$BootstrapActivity@9b09eae
09-08 11:29:47.270 24900 24900 V ActivityScenario: Activity lifecycle changed event received but ignored because the intent does not match. startActivityIntent=Intent { act=android.intent.action.MAIN cat=[android.intent.category.LAUNCHER] cmp=com.example.lunchtray/.MainActivity }, activity.getIntent()=Intent { act=android.intent.action.MAIN cat=[android.intent.category.LAUNCHER] flg=0x10008000 cmp=com.example.lunchtray/androidx.test.core.app.InstrumentationActivityInvoker$BootstrapActivity (has extras) }, activity=androidx.test.core.app.InstrumentationActivityInvoker$BootstrapActivity@9b09eae
09-08 11:29:47.273   342   376 D goldfish-address-space: claimShared: Ask to claim region [0x3f09a4000 0x3f1348000]
09-08 11:29:47.313 24900 24900 D LifecycleMonitor: Lifecycle status change: androidx.test.core.app.InstrumentationActivityInvoker$BootstrapActivity@9b09eae in: STARTED
09-08 11:29:47.325 24900 24900 V ActivityScenario: Activity lifecycle changed event received but ignored because the intent does not match. startActivityIntent=Intent { act=android.intent.action.MAIN cat=[android.intent.category.LAUNCHER] cmp=com.example.lunchtray/androidx.fragment.app.testing.FragmentScenario$EmptyFragmentActivity (has extras) }, activity.getIntent()=Intent { act=android.intent.action.MAIN cat=[android.intent.category.LAUNCHER] flg=0x10008000 cmp=com.example.lunchtray/androidx.test.core.app.InstrumentationActivityInvoker$BootstrapActivity (has extras) }, activity=androidx.test.core.app.InstrumentationActivityInvoker$BootstrapActivity@9b09eae
09-08 11:29:47.326 24900 24900 V ActivityScenario: Activity lifecycle changed event received but ignored because the intent does not match. startActivityIntent=Intent { act=android.intent.action.MAIN cat=[android.intent.category.LAUNCHER] cmp=com.example.lunchtray/.MainActivity }, activity.getIntent()=Intent { act=android.intent.action.MAIN cat=[android.intent.category.LAUNCHER] flg=0x10008000 cmp=com.example.lunchtray/androidx.test.core.app.InstrumentationActivityInvoker$BootstrapActivity (has extras) }, activity=androidx.test.core.app.InstrumentationActivityInvoker$BootstrapActivity@9b09eae
09-08 11:29:47.335 24900 24900 V ActivityScenario: Activity lifecycle changed event received but ignored because the intent does not match. startActivityIntent=Intent { act=android.intent.action.MAIN cat=[android.intent.category.LAUNCHER] cmp=com.example.lunchtray/.MainActivity }, activity.getIntent()=Intent { act=android.intent.action.MAIN cat=[android.intent.category.LAUNCHER] flg=0x10008000 cmp=com.example.lunchtray/androidx.test.core.app.InstrumentationActivityInvoker$BootstrapActivity (has extras) }, activity=androidx.test.core.app.InstrumentationActivityInvoker$BootstrapActivity@9b09eae
09-08 11:29:47.422   342   376 D goldfish-address-space: claimShared: Ask to claim region [0x3f1348000 0x3f1cec000]
09-08 11:29:47.466 21874 21897 D EGL_emulation: app_time_stats: avg=137.02ms min=21.88ms max=894.07ms count=12
09-08 11:29:47.467 24900 24900 D LifecycleMonitor: Lifecycle status change: androidx.test.core.app.InstrumentationActivityInvoker$BootstrapActivity@9b09eae in: RESUMED
09-08 11:29:47.470 24900 24900 V ActivityScenario: Activity lifecycle changed event received but ignored because the intent does not match. startActivityIntent=Intent { act=android.intent.action.MAIN cat=[android.intent.category.LAUNCHER] cmp=com.example.lunchtray/androidx.fragment.app.testing.FragmentScenario$EmptyFragmentActivity (has extras) }, activity.getIntent()=Intent { act=android.intent.action.MAIN cat=[android.intent.category.LAUNCHER] flg=0x10008000 cmp=com.example.lunchtray/androidx.test.core.app.InstrumentationActivityInvoker$BootstrapActivity (has extras) }, activity=androidx.test.core.app.InstrumentationActivityInvoker$BootstrapActivity@9b09eae
09-08 11:29:47.476 24900 24900 V ActivityScenario: Activity lifecycle changed event received but ignored because the intent does not match. startActivityIntent=Intent { act=android.intent.action.MAIN cat=[android.intent.category.LAUNCHER] cmp=com.example.lunchtray/.MainActivity }, activity.getIntent()=Intent { act=android.intent.action.MAIN cat=[android.intent.category.LAUNCHER] flg=0x10008000 cmp=com.example.lunchtray/androidx.test.core.app.InstrumentationActivityInvoker$BootstrapActivity (has extras) }, activity=androidx.test.core.app.InstrumentationActivityInvoker$BootstrapActivity@9b09eae
09-08 11:29:47.478 24900 24900 V ActivityScenario: Activity lifecycle changed event received but ignored because the intent does not match. startActivityIntent=Intent { act=android.intent.action.MAIN cat=[android.intent.category.LAUNCHER] cmp=com.example.lunchtray/.MainActivity }, activity.getIntent()=Intent { act=android.intent.action.MAIN cat=[android.intent.category.LAUNCHER] flg=0x10008000 cmp=com.example.lunchtray/androidx.test.core.app.InstrumentationActivityInvoker$BootstrapActivity (has extras) }, activity=androidx.test.core.app.InstrumentationActivityInvoker$BootstrapActivity@9b09eae
09-08 11:29:47.521 24900 24900 D LifecycleMonitor: Lifecycle status change: androidx.test.core.app.InstrumentationActivityInvoker$BootstrapActivity@9b09eae in: PAUSED
09-08 11:29:47.523 24900 24900 V ActivityScenario: Activity lifecycle changed event received but ignored because the intent does not match. startActivityIntent=Intent { act=android.intent.action.MAIN cat=[android.intent.category.LAUNCHER] cmp=com.example.lunchtray/androidx.fragment.app.testing.FragmentScenario$EmptyFragmentActivity (has extras) }, activity.getIntent()=Intent { act=android.intent.action.MAIN cat=[android.intent.category.LAUNCHER] flg=0x10008000 cmp=com.example.lunchtray/androidx.test.core.app.InstrumentationActivityInvoker$BootstrapActivity (has extras) }, activity=androidx.test.core.app.InstrumentationActivityInvoker$BootstrapActivity@9b09eae
09-08 11:29:47.524 24900 24900 V ActivityScenario: Activity lifecycle changed event received but ignored because the intent does not match. startActivityIntent=Intent { act=android.intent.action.MAIN cat=[android.intent.category.LAUNCHER] cmp=com.example.lunchtray/.MainActivity }, activity.getIntent()=Intent { act=android.intent.action.MAIN cat=[android.intent.category.LAUNCHER] flg=0x10008000 cmp=com.example.lunchtray/androidx.test.core.app.InstrumentationActivityInvoker$BootstrapActivity (has extras) }, activity=androidx.test.core.app.InstrumentationActivityInvoker$BootstrapActivity@9b09eae
09-08 11:29:47.551 24900 24900 V ActivityScenario: Activity lifecycle changed event received but ignored because the intent does not match. startActivityIntent=Intent { act=android.intent.action.MAIN cat=[android.intent.category.LAUNCHER] cmp=com.example.lunchtray/.MainActivity }, activity.getIntent()=Intent { act=android.intent.action.MAIN cat=[android.intent.category.LAUNCHER] flg=0x10008000 cmp=com.example.lunchtray/androidx.test.core.app.InstrumentationActivityInvoker$BootstrapActivity (has extras) }, activity=androidx.test.core.app.InstrumentationActivityInvoker$BootstrapActivity@9b09eae
09-08 11:29:47.654  1074  1138 D EGL_emulation: app_time_stats: avg=373.22ms min=49.89ms max=926.92ms count=3
09-08 11:29:47.774 11934 11934 I A       : onApplyWindowInsets: systemWindowInsets=Insets{left=0, top=145, right=0, bottom=132}
09-08 11:29:47.774 24900 24900 D LifecycleMonitor: Lifecycle status change: com.example.lunchtray.MainActivity@c5e95c8 in: PRE_ON_CREATE
09-08 11:29:47.775 24900 24900 V ActivityScenario: Activity lifecycle changed event received but ignored because the intent does not match. startActivityIntent=Intent { act=android.intent.action.MAIN cat=[android.intent.category.LAUNCHER] cmp=com.example.lunchtray/androidx.fragment.app.testing.FragmentScenario$EmptyFragmentActivity (has extras) }, activity.getIntent()=Intent { act=android.intent.action.MAIN cat=[android.intent.category.LAUNCHER] cmp=com.example.lunchtray/.MainActivity }, activity=com.example.lunchtray.MainActivity@c5e95c8
09-08 11:29:47.776 24900 24900 V ActivityScenario: Activity lifecycle changed event received but ignored because the reported transition was not ON_CREATE while the last known transition was DESTROYED
09-08 11:29:47.783 24900 24900 V ActivityScenario: Activity lifecycle changed event received but ignored because the reported transition was not ON_CREATE while the last known transition was PRE_ON_CREATE
09-08 11:29:47.806 11934 11934 I A       : onApplyWindowInsets: systemWindowInsets=Insets{left=0, top=145, right=0, bottom=132}
09-08 11:29:47.881  1074  1138 D EGL_emulation: app_time_stats: avg=339.78ms min=104.24ms max=1223.73ms count=5
09-08 11:29:48.027 24900 24900 D LifecycleMonitor: Lifecycle status change: com.example.lunchtray.MainActivity@c5e95c8 in: CREATED
09-08 11:29:48.039 24900 24900 V ActivityScenario: Activity lifecycle changed event received but ignored because the intent does not match. startActivityIntent=Intent { act=android.intent.action.MAIN cat=[android.intent.category.LAUNCHER] cmp=com.example.lunchtray/androidx.fragment.app.testing.FragmentScenario$EmptyFragmentActivity (has extras) }, activity.getIntent()=Intent { act=android.intent.action.MAIN cat=[android.intent.category.LAUNCHER] cmp=com.example.lunchtray/.MainActivity }, activity=com.example.lunchtray.MainActivity@c5e95c8
09-08 11:29:48.042 24900 24900 V ActivityScenario: Update currentActivityStage to CREATED, currentActivity=com.example.lunchtray.MainActivity@c5e95c8
09-08 11:29:48.050 24900 24900 V ActivityScenario: Update currentActivityStage to CREATED, currentActivity=com.example.lunchtray.MainActivity@c5e95c8
09-08 11:29:48.115 24900 24900 D LifecycleMonitor: Lifecycle status change: com.example.lunchtray.MainActivity@c5e95c8 in: STARTED
09-08 11:29:48.117 24900 24900 V ActivityScenario: Activity lifecycle changed event received but ignored because the intent does not match. startActivityIntent=Intent { act=android.intent.action.MAIN cat=[android.intent.category.LAUNCHER] cmp=com.example.lunchtray/androidx.fragment.app.testing.FragmentScenario$EmptyFragmentActivity (has extras) }, activity.getIntent()=Intent { act=android.intent.action.MAIN cat=[android.intent.category.LAUNCHER] cmp=com.example.lunchtray/.MainActivity }, activity=com.example.lunchtray.MainActivity@c5e95c8
09-08 11:29:48.122 24900 24900 V ActivityScenario: Update currentActivityStage to STARTED, currentActivity=com.example.lunchtray.MainActivity@c5e95c8
09-08 11:29:48.123 24900 24900 V ActivityScenario: Update currentActivityStage to STARTED, currentActivity=com.example.lunchtray.MainActivity@c5e95c8
09-08 11:29:48.130 24900 24900 D LifecycleMonitor: Lifecycle status change: com.example.lunchtray.MainActivity@c5e95c8 in: RESUMED
09-08 11:29:48.134 24900 24900 V ActivityScenario: Activity lifecycle changed event received but ignored because the intent does not match. startActivityIntent=Intent { act=android.intent.action.MAIN cat=[android.intent.category.LAUNCHER] cmp=com.example.lunchtray/androidx.fragment.app.testing.FragmentScenario$EmptyFragmentActivity (has extras) }, activity.getIntent()=Intent { act=android.intent.action.MAIN cat=[android.intent.category.LAUNCHER] cmp=com.example.lunchtray/.MainActivity }, activity=com.example.lunchtray.MainActivity@c5e95c8
09-08 11:29:48.137 24900 24900 V ActivityScenario: Update currentActivityStage to RESUMED, currentActivity=com.example.lunchtray.MainActivity@c5e95c8
09-08 11:29:48.138 24900 24900 V ActivityScenario: Update currentActivityStage to RESUMED, currentActivity=com.example.lunchtray.MainActivity@c5e95c8
09-08 11:29:48.264   342   376 D goldfish-address-space: claimShared: Ask to claim region [0x3f29b2000 0x3f3356000]
09-08 11:29:48.290   342   376 D goldfish-address-space: claimShared: Ask to claim region [0x3f4000000 0x3f49a4000]
09-08 11:29:48.319   342   376 D goldfish-address-space: claimShared: Ask to claim region [0x3f49a4000 0x3f5348000]
09-08 11:29:48.377   561   607 I ActivityTaskManager: Displayed com.example.lunchtray/.MainActivity: +1s423ms
09-08 11:29:48.422 24900 24900 D RootViewPicker: Root not ready - waiting: 10ms for one to appear.
09-08 11:29:48.499  3680  3680 I GoogleInputMethodService: GoogleInputMethodService.onFinishInput():3420
09-08 11:29:48.500  3680  3680 I GoogleInputMethodService: GoogleInputMethodService.onStartInput():2002
09-08 11:29:48.510  3680  3680 I DeviceUnlockedTag: DeviceUnlockedTag.notifyDeviceLockStatusChanged():31 Notify device unlocked.
09-08 11:29:48.617 24900 24900 I ViewInteraction: Performing 'single click' action on view view.getId() is <2131231208/com.example.lunchtray:id/start_order_btn>
09-08 11:29:48.763   561   600 W InputManager-JNI: Input channel object 'c3451d Splash Screen com.example.lunchtray (client)' was disposed without first being removed with the input manager!
09-08 11:29:48.903   403   507 D AudioFlinger: mixer(0x78f335051a70) throttle end: throttle time(10)
09-08 11:29:49.439 24900 24939 D EGL_emulation: app_time_stats: avg=28.47ms min=6.55ms max=99.20ms count=33
09-08 11:29:49.514 24900 24900 D LifecycleMonitor: Lifecycle status change: androidx.test.core.app.InstrumentationActivityInvoker$BootstrapActivity@9b09eae in: STOPPED
09-08 11:29:49.522 24900 24900 V ActivityScenario: Activity lifecycle changed event received but ignored because the intent does not match. startActivityIntent=Intent { act=android.intent.action.MAIN cat=[android.intent.category.LAUNCHER] cmp=com.example.lunchtray/androidx.fragment.app.testing.FragmentScenario$EmptyFragmentActivity (has extras) }, activity.getIntent()=Intent { act=android.intent.action.MAIN cat=[android.intent.category.LAUNCHER] flg=0x10008000 cmp=com.example.lunchtray/androidx.test.core.app.InstrumentationActivityInvoker$BootstrapActivity (has extras) }, activity=androidx.test.core.app.InstrumentationActivityInvoker$BootstrapActivity@9b09eae
09-08 11:29:49.526 24900 24900 V ActivityScenario: Activity lifecycle changed event received but ignored because the intent does not match. startActivityIntent=Intent { act=android.intent.action.MAIN cat=[android.intent.category.LAUNCHER] cmp=com.example.lunchtray/.MainActivity }, activity.getIntent()=Intent { act=android.intent.action.MAIN cat=[android.intent.category.LAUNCHER] flg=0x10008000 cmp=com.example.lunchtray/androidx.test.core.app.InstrumentationActivityInvoker$BootstrapActivity (has extras) }, activity=androidx.test.core.app.InstrumentationActivityInvoker$BootstrapActivity@9b09eae
09-08 11:29:49.553 24900 24900 V ActivityScenario: Activity lifecycle changed event received but ignored because the intent does not match. startActivityIntent=Intent { act=android.intent.action.MAIN cat=[android.intent.category.LAUNCHER] cmp=com.example.lunchtray/.MainActivity }, activity.getIntent()=Intent { act=android.intent.action.MAIN cat=[android.intent.category.LAUNCHER] flg=0x10008000 cmp=com.example.lunchtray/androidx.test.core.app.InstrumentationActivityInvoker$BootstrapActivity (has extras) }, activity=androidx.test.core.app.InstrumentationActivityInvoker$BootstrapActivity@9b09eae
09-08 11:29:49.631 24900 24900 I Choreographer: Skipped 45 frames!  The application may be doing too much work on its main thread.
09-08 11:29:49.871 24900 24949 I OpenGLRenderer: Davey! duration=982ms; Flags=0, FrameTimelineVsyncId=203679, IntendedVsync=26200610129164, Vsync=26201360129134, InputEventId=0, HandleInputStart=26201364571600, AnimationStart=26201364662100, PerformTraversalsStart=26201366973400, DrawStart=26201531341600, FrameDeadline=26200643462496, FrameInterval=26201364165300, FrameStartTime=16666666, SyncQueued=26201567588000, SyncStart=26201568205900, IssueDrawCommandsStart=26201568620700, SwapBuffers=26201588442800, FrameCompleted=26201593667500, DequeueBufferDuration=72900, QueueBufferDuration=1692100, GpuCompleted=26201592348100, SwapBuffersCompleted=26201593667500, DisplayPresentTime=0,
09-08 11:29:50.150 24900 24900 I ViewInteraction: Performing 'single click' action on view view.getId() is <2131230844/com.example.lunchtray:id/cauliflower>
09-08 11:29:50.285   403   507 D AudioFlinger: mixer(0x78f335051a70) throttle end: throttle time(10)
09-08 11:29:50.322   403   507 D AudioFlinger: mixer(0x78f335051a70) throttle end: throttle time(5)
09-08 11:29:50.451 24900 24939 D EGL_emulation: app_time_stats: avg=30.27ms min=6.94ms max=284.93ms count=28
09-08 11:29:50.618 24900 24900 I ViewInteraction: Performing 'single click' action on view view.getId() is <2131231081/com.example.lunchtray:id/next_button>
09-08 11:29:51.475 24900 24939 D EGL_emulation: app_time_stats: avg=19.95ms min=8.65ms max=36.18ms count=43
09-08 11:29:51.604 24900 24913 I OpenGLRenderer: Davey! duration=776ms; Flags=0, FrameTimelineVsyncId=203858, IntendedVsync=26202543462420, Vsync=26203026795734, InputEventId=0, HandleInputStart=26203041675500, AnimationStart=26203041767000, PerformTraversalsStart=26203042303500, DrawStart=26203170811300, FrameDeadline=26202576795752, FrameInterval=26203041513400, FrameStartTime=16666666, SyncQueued=26203285647100, SyncStart=26203289884900, IssueDrawCommandsStart=26203291538600, SwapBuffers=26203319576100, FrameCompleted=26203323758200, DequeueBufferDuration=72800, QueueBufferDuration=1883300, GpuCompleted=26203323367700, SwapBuffersCompleted=26203323758200, DisplayPresentTime=0,
09-08 11:29:51.821 24900 24900 I ViewInteraction: Performing 'single click' action on view view.getId() is <2131231138/com.example.lunchtray:id/salad>
09-08 11:29:52.281 24900 24900 I ViewInteraction: Checking 'MatchesViewAssertion{viewMatcher=an instance of android.widget.TextView and view.getText() with or without transformation to match: a string containing "Subtotal: $9.50"}' assertion on view view.getId() is <2131231217/com.example.lunchtray:id/subtotal>
09-08 11:29:52.301 24900 24900 I ViewInteraction: Performing 'single click' action on view view.getId() is <2131231081/com.example.lunchtray:id/next_button>
09-08 11:29:52.478 24900 24939 D EGL_emulation: app_time_stats: avg=26.69ms min=9.15ms max=191.29ms count=33
09-08 11:29:53.274 24900 24900 I ViewInteraction: Performing 'single click' action on view view.getId() is <2131230835/com.example.lunchtray:id/bread>
09-08 11:29:53.483 24900 24939 D EGL_emulation: app_time_stats: avg=23.14ms min=6.91ms max=190.58ms count=34
09-08 11:29:53.691 24900 24900 I ViewInteraction: Checking 'MatchesViewAssertion{viewMatcher=an instance of android.widget.TextView and view.getText() with or without transformation to match: a string containing "Subtotal: $10.00"}' assertion on view view.getId() is <2131231217/com.example.lunchtray:id/subtotal>
09-08 11:29:53.714 24900 24900 I ViewInteraction: Performing 'single click' action on view view.getId() is <2131231081/com.example.lunchtray:id/next_button>
09-08 11:29:54.497 24900 24939 D EGL_emulation: app_time_stats: avg=23.30ms min=8.74ms max=48.34ms count=38
09-08 11:29:54.870 24900 24900 I ViewInteraction: Checking 'MatchesViewAssertion{viewMatcher=an instance of android.widget.TextView and view.getText() with or without transformation to match: a string containing "Subtotal: $10.00"}' assertion on view view.getId() is <2131231217/com.example.lunchtray:id/subtotal>
09-08 11:29:54.874 24900 24936 I TestRunner: finished: subtotal_updates_in_full_order_flow(com.example.lunchtray.OrderFunctionalityTests)
