09-08 11:29:56.819 24900 24936 I TestRunner: started: order_snackbar(com.example.lunchtray.OrderFunctionalityTests)
09-08 11:29:56.900 24900 24900 D LifecycleMonitor: Lifecycle status change: com.example.lunchtray.MainActivity@c5e95c8 in: DESTROYED
09-08 11:29:56.913 24900 24900 V ActivityScenario: Activity lifecycle changed event received but ignored because the intent does not match. startActivityIntent=Intent { act=android.intent.action.MAIN cat=[android.intent.category.LAUNCHER] cmp=com.example.lunchtray/androidx.fragment.app.testing.FragmentScenario$EmptyFragmentActivity (has extras) }, activity.getIntent()=Intent { act=android.intent.action.MAIN cat=[android.intent.category.LAUNCHER] cmp=com.example.lunchtray/.MainActivity }, activity=com.example.lunchtray.MainActivity@c5e95c8
09-08 11:29:56.913 24900 24900 V ActivityScenario: Update currentActivityStage to DESTROYED, currentActivity=null
09-08 11:29:56.916 24900 24900 V ActivityScenario: Update currentActivityStage to DESTROYED, currentActivity=null
09-08 11:29:56.925   561   600 W InputManager-JNI: Input channel object 'af81254 com.example.lunchtray/com.example.lunchtray.MainActivity (client)' was disposed without first being removed with the input manager!
09-08 11:29:57.181 24900 24936 W Settings: Setting always_finish_activities has moved from android.provider.Settings.System to android.provider.Settings.Global, returning read-only value.
09-08 11:29:57.400  1074  1135 D SplashScreenView: Build android.window.SplashScreenView{42ea661 V.E...... ......ID 0,0-0,0}
09-08 11:29:57.400  1074  1135 D SplashScreenView: Icon: view: null drawable: null size: 0
09-08 11:29:57.400  1074  1135 D SplashScreenView: Branding: view: android.view.View{e949586 G.ED..... ......I. 0,0-0,0 #10204a6 android:id/splashscreen_branding_view} drawable: null size w: 0 h: 0
09-08 11:29:57.555  4511  4511 I GsaVoiceInteractionSrv: Handling ACTION_STOP_HOTWORD
09-08 11:29:57.565  4511  4511 E HwDetectorWithState: a: 3
09-08 11:29:57.575 24900 24900 D LifecycleMonitor: Lifecycle status change: androidx.test.core.app.InstrumentationActivityInvoker$BootstrapActivity@8d091f5 in: PRE_ON_CREATE
09-08 11:29:57.582 24900 24900 V ActivityScenario: Activity lifecycle changed event received but ignored because the intent does not match. startActivityIntent=Intent { act=android.intent.action.MAIN cat=[android.intent.category.LAUNCHER] cmp=com.example.lunchtray/androidx.fragment.app.testing.FragmentScenario$EmptyFragmentActivity (has extras) }, activity.getIntent()=Intent { act=android.intent.action.MAIN cat=[android.intent.category.LAUNCHER] flg=0x10008000 cmp=com.example.lunchtray/androidx.test.core.app.InstrumentationActivityInvoker$BootstrapActivity (has extras) }, activity=androidx.test.core.app.InstrumentationActivityInvoker$BootstrapActivity@8d091f5
09-08 11:29:57.583 24900 24900 V ActivityScenario: Activity lifecycle changed event received but ignored because the intent does not match. startActivityIntent=Intent { act=android.intent.action.MAIN cat=[android.intent.category.LAUNCHER] cmp=com.example.lunchtray/.MainActivity }, activity.getIntent()=Intent { act=android.intent.action.MAIN cat=[android.intent.category.LAUNCHER] flg=0x10008000 cmp=com.example.lunchtray/androidx.test.core.app.InstrumentationActivityInvoker$BootstrapActivity (has extras) }, activity=androidx.test.core.app.InstrumentationActivityInvoker$BootstrapActivity@8d091f5
09-08 11:29:57.592 24900 24900 V ActivityScenario: Activity lifecycle changed event received but ignored because the intent does not match. startActivityIntent=Intent { act=android.intent.action.MAIN cat=[android.intent.category.LAUNCHER] cmp=com.example.lunchtray/.MainActivity }, activity.getIntent()=Intent { act=android.intent.action.MAIN cat=[android.intent.category.LAUNCHER] flg=0x10008000 cmp=com.example.lunchtray/androidx.test.core.app.InstrumentationActivityInvoker$BootstrapActivity (has extras) }, activity=androidx.test.core.app.InstrumentationActivityInvoker$BootstrapActivity@8d091f5
09-08 11:29:57.598 24900 24900 V ActivityScenario: Activity lifecycle changed event received but ignored because the intent does not match. startActivityIntent=Intent { act=android.intent.action.MAIN cat=[android.intent.category.LAUNCHER] cmp=com.example.lunchtray/.MainActivity }, activity.getIntent()=Intent { act=android.intent.action.MAIN cat=[android.intent.category.LAUNCHER] flg=0x10008000 cmp=com.example.lunchtray/androidx.test.core.app.InstrumentationActivityInvoker$BootstrapActivity (has extras) }, activity=androidx.test.core.app.InstrumentationActivityInvoker$BootstrapActivity@8d091f5
09-08 11:29:57.673   342   376 D goldfish-address-space: claimShared: Ask to claim region [0x3f29b2000 0x3f3356000]
09-08 11:29:57.737 24900 24900 D LifecycleMonitor: Lifecycle status change: androidx.test.core.app.InstrumentationActivityInvoker$BootstrapActivity@8d091f5 in: CREATED
09-08 11:29:57.745 24900 24900 V ActivityScenario: Activity lifecycle changed event received but ignored because the intent does not match. startActivityIntent=Intent { act=android.intent.action.MAIN cat=[android.intent.category.LAUNCHER] cmp=com.example.lunchtray/androidx.fragment.app.testing.FragmentScenario$EmptyFragmentActivity (has extras) }, activity.getIntent()=Intent { act=android.intent.action.MAIN cat=[android.intent.category.LAUNCHER] flg=0x10008000 cmp=com.example.lunchtray/androidx.test.core.app.InstrumentationActivityInvoker$BootstrapActivity (has extras) }, activity=androidx.test.core.app.InstrumentationActivityInvoker$BootstrapActivity@8d091f5
09-08 11:29:57.750 24900 24900 V ActivityScenario: Activity lifecycle changed event received but ignored because the intent does not match. startActivityIntent=Intent { act=android.intent.action.MAIN cat=[android.intent.category.LAUNCHER] cmp=com.example.lunchtray/.MainActivity }, activity.getIntent()=Intent { act=android.intent.action.MAIN cat=[android.intent.category.LAUNCHER] flg=0x10008000 cmp=com.example.lunchtray/androidx.test.core.app.InstrumentationActivityInvoker$BootstrapActivity (has extras) }, activity=androidx.test.core.app.InstrumentationActivityInvoker$BootstrapActivity@8d091f5
09-08 11:29:57.751 24900 24900 V ActivityScenario: Activity lifecycle changed event received but ignored because the intent does not match. startActivityIntent=Intent { act=android.intent.action.MAIN cat=[android.intent.category.LAUNCHER] cmp=com.example.lunchtray/.MainActivity }, activity.getIntent()=Intent { act=android.intent.action.MAIN cat=[android.intent.category.LAUNCHER] flg=0x10008000 cmp=com.example.lunchtray/androidx.test.core.app.InstrumentationActivityInvoker$BootstrapActivity (has extras) }, activity=androidx.test.core.app.InstrumentationActivityInvoker$BootstrapActivity@8d091f5
09-08 11:29:57.763 24900 24900 V ActivityScenario: Activity lifecycle changed event received but ignored because the intent does not match. startActivityIntent=Intent { act=android.intent.action.MAIN cat=[android.intent.category.LAUNCHER] cmp=com.example.lunchtray/.MainActivity }, activity.getIntent()=Intent { act=android.intent.action.MAIN cat=[android.intent.category.LAUNCHER] flg=0x10008000 cmp=com.example.lunchtray/androidx.test.core.app.InstrumentationActivityInvoker$BootstrapActivity (has extras) }, activity=androidx.test.core.app.InstrumentationActivityInvoker$BootstrapActivity@8d091f5
09-08 11:29:57.773   500   500 W livelock: sample 1.780s
09-08 11:29:57.788   342   376 D goldfish-address-space: claimShared: Ask to claim region [0x3f68f9000 0x3f729d000]
09-08 11:29:57.790 24900 24900 D LifecycleMonitor: Lifecycle status change: androidx.test.core.app.InstrumentationActivityInvoker$BootstrapActivity@8d091f5 in: STARTED
09-08 11:29:57.796 24900 24900 V ActivityScenario: Activity lifecycle changed event received but ignored because the intent does not match. startActivityIntent=Intent { act=android.intent.action.MAIN cat=[android.intent.category.LAUNCHER] cmp=com.example.lunchtray/androidx.fragment.app.testing.FragmentScenario$EmptyFragmentActivity (has extras) }, activity.getIntent()=Intent { act=android.intent.action.MAIN cat=[android.intent.category.LAUNCHER] flg=0x10008000 cmp=com.example.lunchtray/androidx.test.core.app.InstrumentationActivityInvoker$BootstrapActivity (has extras) }, activity=androidx.test.core.app.InstrumentationActivityInvoker$BootstrapActivity@8d091f5
09-08 11:29:57.797 24900 24900 V ActivityScenario: Activity lifecycle changed event received but ignored because the intent does not match. startActivityIntent=Intent { act=android.intent.action.MAIN cat=[android.intent.category.LAUNCHER] cmp=com.example.lunchtray/.MainActivity }, activity.getIntent()=Intent { act=android.intent.action.MAIN cat=[android.intent.category.LAUNCHER] flg=0x10008000 cmp=com.example.lunchtray/androidx.test.core.app.InstrumentationActivityInvoker$BootstrapActivity (has extras) }, activity=androidx.test.core.app.InstrumentationActivityInvoker$BootstrapActivity@8d091f5
09-08 11:29:57.798 24900 24900 V ActivityScenario: Activity lifecycle changed event received but ignored because the intent does not match. startActivityIntent=Intent { act=android.intent.action.MAIN cat=[android.intent.category.LAUNCHER] cmp=com.example.lunchtray/.MainActivity }, activity.getIntent()=Intent { act=android.intent.action.MAIN cat=[android.intent.category.LAUNCHER] flg=0x10008000 cmp=com.example.lunchtray/androidx.test.core.app.InstrumentationActivityInvoker$BootstrapActivity (has extras) }, activity=androidx.test.core.app.InstrumentationActivityInvoker$BootstrapActivity@8d091f5
09-08 11:29:57.799 24900 24900 V ActivityScenario: Activity lifecycle changed event received but ignored because the intent does not match. startActivityIntent=Intent { act=android.intent.action.MAIN cat=[android.intent.category.LAUNCHER] cmp=com.example.lunchtray/.MainActivity }, activity.getIntent()=Intent { act=android.intent.action.MAIN cat=[android.intent.category.LAUNCHER] flg=0x10008000 cmp=com.example.lunchtray/androidx.test.core.app.InstrumentationActivityInvoker$BootstrapActivity (has extras) }, activity=androidx.test.core.app.InstrumentationActivityInvoker$BootstrapActivity@8d091f5
09-08 11:29:57.817   342   376 D goldfish-address-space: claimShared: Ask to claim region [0x3f729d000 0x3f7c41000]
09-08 11:29:57.870 24900 24900 D LifecycleMonitor: Lifecycle status change: androidx.test.core.app.InstrumentationActivityInvoker$BootstrapActivity@8d091f5 in: RESUMED
09-08 11:29:57.874 24900 24900 V ActivityScenario: Activity lifecycle changed event received but ignored because the intent does not match. startActivityIntent=Intent { act=android.intent.action.MAIN cat=[android.intent.category.LAUNCHER] cmp=com.example.lunchtray/androidx.fragment.app.testing.FragmentScenario$EmptyFragmentActivity (has extras) }, activity.getIntent()=Intent { act=android.intent.action.MAIN cat=[android.intent.category.LAUNCHER] flg=0x10008000 cmp=com.example.lunchtray/androidx.test.core.app.InstrumentationActivityInvoker$BootstrapActivity (has extras) }, activity=androidx.test.core.app.InstrumentationActivityInvoker$BootstrapActivity@8d091f5
09-08 11:29:57.885 24900 24900 V ActivityScenario: Activity lifecycle changed event received but ignored because the intent does not match. startActivityIntent=Intent { act=android.intent.action.MAIN cat=[android.intent.category.LAUNCHER] cmp=com.example.lunchtray/.MainActivity }, activity.getIntent()=Intent { act=android.intent.action.MAIN cat=[android.intent.category.LAUNCHER] flg=0x10008000 cmp=com.example.lunchtray/androidx.test.core.app.InstrumentationActivityInvoker$BootstrapActivity (has extras) }, activity=androidx.test.core.app.InstrumentationActivityInvoker$BootstrapActivity@8d091f5
09-08 11:29:57.886 24900 24900 V ActivityScenario: Activity lifecycle changed event received but ignored because the intent does not match. startActivityIntent=Intent { act=android.intent.action.MAIN cat=[android.intent.category.LAUNCHER] cmp=com.example.lunchtray/.MainActivity }, activity.getIntent()=Intent { act=android.intent.action.MAIN cat=[android.intent.category.LAUNCHER] flg=0x10008000 cmp=com.example.lunchtray/androidx.test.core.app.InstrumentationActivityInvoker$BootstrapActivity (has extras) }, activity=androidx.test.core.app.InstrumentationActivityInvoker$BootstrapActivity@8d091f5
09-08 11:29:57.887 24900 24900 V ActivityScenario: Activity lifecycle changed event received but ignored because the intent does not match. startActivityIntent=Intent { act=android.intent.action.MAIN cat=[android.intent.category.LAUNCHER] cmp=com.example.lunchtray/.MainActivity }, activity.getIntent()=Intent { act=android.intent.action.MAIN cat=[android.intent.category.LAUNCHER] flg=0x10008000 cmp=com.example.lunchtray/androidx.test.core.app.InstrumentationActivityInvoker$BootstrapActivity (has extras) }, activity=androidx.test.core.app.InstrumentationActivityInvoker$BootstrapActivity@8d091f5
09-08 11:29:57.921 21874 21897 D EGL_emulation: app_time_stats: avg=160.47ms min=10.49ms max=1395.18ms count=13
09-08 11:29:57.981 24900 24900 D LifecycleMonitor: Lifecycle status change: androidx.test.core.app.InstrumentationActivityInvoker$BootstrapActivity@8d091f5 in: PAUSED
09-08 11:29:57.982 24900 24900 V ActivityScenario: Activity lifecycle changed event received but ignored because the intent does not match. startActivityIntent=Intent { act=android.intent.action.MAIN cat=[android.intent.category.LAUNCHER] cmp=com.example.lunchtray/androidx.fragment.app.testing.FragmentScenario$EmptyFragmentActivity (has extras) }, activity.getIntent()=Intent { act=android.intent.action.MAIN cat=[android.intent.category.LAUNCHER] flg=0x10008000 cmp=com.example.lunchtray/androidx.test.core.app.InstrumentationActivityInvoker$BootstrapActivity (has extras) }, activity=androidx.test.core.app.InstrumentationActivityInvoker$BootstrapActivity@8d091f5
09-08 11:29:57.983 24900 24900 V ActivityScenario: Activity lifecycle changed event received but ignored because the intent does not match. startActivityIntent=Intent { act=android.intent.action.MAIN cat=[android.intent.category.LAUNCHER] cmp=com.example.lunchtray/.MainActivity }, activity.getIntent()=Intent { act=android.intent.action.MAIN cat=[android.intent.category.LAUNCHER] flg=0x10008000 cmp=com.example.lunchtray/androidx.test.core.app.InstrumentationActivityInvoker$BootstrapActivity (has extras) }, activity=androidx.test.core.app.InstrumentationActivityInvoker$BootstrapActivity@8d091f5
09-08 11:29:57.984 24900 24900 V ActivityScenario: Activity lifecycle changed event received but ignored because the intent does not match. startActivityIntent=Intent { act=android.intent.action.MAIN cat=[android.intent.category.LAUNCHER] cmp=com.example.lunchtray/.MainActivity }, activity.getIntent()=Intent { act=android.intent.action.MAIN cat=[android.intent.category.LAUNCHER] flg=0x10008000 cmp=com.example.lunchtray/androidx.test.core.app.InstrumentationActivityInvoker$BootstrapActivity (has extras) }, activity=androidx.test.core.app.InstrumentationActivityInvoker$BootstrapActivity@8d091f5
09-08 11:29:57.985 24900 24900 V ActivityScenario: Activity lifecycle changed event received but ignored because the intent does not match. startActivityIntent=Intent { act=android.intent.action.MAIN cat=[android.intent.category.LAUNCHER] cmp=com.example.lunchtray/.MainActivity }, activity.getIntent()=Intent { act=android.intent.action.MAIN cat=[android.intent.category.LAUNCHER] flg=0x10008000 cmp=com.example.lunchtray/androidx.test.core.app.InstrumentationActivityInvoker$BootstrapActivity (has extras) }, activity=androidx.test.core.app.InstrumentationActivityInvoker$BootstrapActivity@8d091f5
09-08 11:29:58.074  1074  1138 D EGL_emulation: app_time_stats: avg=851.37ms min=419.47ms max=1283.26ms count=2
09-08 11:29:58.196 24900 24900 D LifecycleMonitor: Lifecycle status change: com.example.lunchtray.MainActivity@42356d7 in: PRE_ON_CREATE
09-08 11:29:58.201 24900 24900 V ActivityScenario: Activity lifecycle changed event received but ignored because the intent does not match. startActivityIntent=Intent { act=android.intent.action.MAIN cat=[android.intent.category.LAUNCHER] cmp=com.example.lunchtray/androidx.fragment.app.testing.FragmentScenario$EmptyFragmentActivity (has extras) }, activity.getIntent()=Intent { act=android.intent.action.MAIN cat=[android.intent.category.LAUNCHER] cmp=com.example.lunchtray/.MainActivity }, activity=com.example.lunchtray.MainActivity@42356d7
09-08 11:29:58.205 24900 24900 V ActivityScenario: Activity lifecycle changed event received but ignored because the reported transition was not ON_CREATE while the last known transition was DESTROYED
09-08 11:29:58.206 24900 24900 V ActivityScenario: Activity lifecycle changed event received but ignored because the reported transition was not ON_CREATE while the last known transition was DESTROYED
09-08 11:29:58.210 24900 24900 V ActivityScenario: Activity lifecycle changed event received but ignored because the reported transition was not ON_CREATE while the last known transition was PRE_ON_CREATE
09-08 11:29:58.254 11934 11934 I A       : onApplyWindowInsets: systemWindowInsets=Insets{left=0, top=145, right=0, bottom=132}
09-08 11:29:58.326 11934 11934 I A       : onApplyWindowInsets: systemWindowInsets=Insets{left=0, top=145, right=0, bottom=132}
09-08 11:29:58.421  1074  1138 D EGL_emulation: app_time_stats: avg=937.84ms min=129.16ms max=1746.52ms count=2
09-08 11:29:58.621 24900 24900 D LifecycleMonitor: Lifecycle status change: com.example.lunchtray.MainActivity@42356d7 in: CREATED
09-08 11:29:58.623 24900 24900 V ActivityScenario: Activity lifecycle changed event received but ignored because the intent does not match. startActivityIntent=Intent { act=android.intent.action.MAIN cat=[android.intent.category.LAUNCHER] cmp=com.example.lunchtray/androidx.fragment.app.testing.FragmentScenario$EmptyFragmentActivity (has extras) }, activity.getIntent()=Intent { act=android.intent.action.MAIN cat=[android.intent.category.LAUNCHER] cmp=com.example.lunchtray/.MainActivity }, activity=com.example.lunchtray.MainActivity@42356d7
09-08 11:29:58.630 24900 24900 V ActivityScenario: Update currentActivityStage to CREATED, currentActivity=com.example.lunchtray.MainActivity@42356d7
09-08 11:29:58.632 24900 24900 V ActivityScenario: Update currentActivityStage to CREATED, currentActivity=com.example.lunchtray.MainActivity@42356d7
09-08 11:29:58.634 24900 24900 V ActivityScenario: Update currentActivityStage to CREATED, currentActivity=com.example.lunchtray.MainActivity@42356d7
09-08 11:29:58.711 24900 24900 D LifecycleMonitor: Lifecycle status change: com.example.lunchtray.MainActivity@42356d7 in: STARTED
09-08 11:29:58.728 24900 24900 V ActivityScenario: Activity lifecycle changed event received but ignored because the intent does not match. startActivityIntent=Intent { act=android.intent.action.MAIN cat=[android.intent.category.LAUNCHER] cmp=com.example.lunchtray/androidx.fragment.app.testing.FragmentScenario$EmptyFragmentActivity (has extras) }, activity.getIntent()=Intent { act=android.intent.action.MAIN cat=[android.intent.category.LAUNCHER] cmp=com.example.lunchtray/.MainActivity }, activity=com.example.lunchtray.MainActivity@42356d7
09-08 11:29:58.730 24900 24900 V ActivityScenario: Update currentActivityStage to STARTED, currentActivity=com.example.lunchtray.MainActivity@42356d7
09-08 11:29:58.733 24900 24900 V ActivityScenario: Update currentActivityStage to STARTED, currentActivity=com.example.lunchtray.MainActivity@42356d7
09-08 11:29:58.735 24900 24900 V ActivityScenario: Update currentActivityStage to STARTED, currentActivity=com.example.lunchtray.MainActivity@42356d7
09-08 11:29:58.741 24900 24900 D LifecycleMonitor: Lifecycle status change: com.example.lunchtray.MainActivity@42356d7 in: RESUMED
09-08 11:29:58.743 24900 24900 V ActivityScenario: Activity lifecycle changed event received but ignored because the intent does not match. startActivityIntent=Intent { act=android.intent.action.MAIN cat=[android.intent.category.LAUNCHER] cmp=com.example.lunchtray/androidx.fragment.app.testing.FragmentScenario$EmptyFragmentActivity (has extras) }, activity.getIntent()=Intent { act=android.intent.action.MAIN cat=[android.intent.category.LAUNCHER] cmp=com.example.lunchtray/.MainActivity }, activity=com.example.lunchtray.MainActivity@42356d7
09-08 11:29:58.745 24900 24900 V ActivityScenario: Update currentActivityStage to RESUMED, currentActivity=com.example.lunchtray.MainActivity@42356d7
09-08 11:29:58.746 24900 24900 V ActivityScenario: Update currentActivityStage to RESUMED, currentActivity=com.example.lunchtray.MainActivity@42356d7
09-08 11:29:58.749 24900 24900 V ActivityScenario: Update currentActivityStage to RESUMED, currentActivity=com.example.lunchtray.MainActivity@42356d7
09-08 11:29:58.853   342   376 D goldfish-address-space: claimShared: Ask to claim region [0x3f0000000 0x3f09a4000]
09-08 11:29:58.893   342   376 D goldfish-address-space: claimShared: Ask to claim region [0x3f09a4000 0x3f1348000]
09-08 11:29:58.898   342   342 D goldfish-address-space: claimShared: Ask to claim region [0x3f1348000 0x3f1cec000]
09-08 11:29:58.982 24900 24900 D RootViewPicker: Root not ready - waiting: 10ms for one to appear.
09-08 11:29:59.054  3680  3680 I GoogleInputMethodService: GoogleInputMethodService.onFinishInput():3420
09-08 11:29:59.054  3680  3680 I GoogleInputMethodService: GoogleInputMethodService.onStartInput():2002
09-08 11:29:59.063  3680  3680 I DeviceUnlockedTag: DeviceUnlockedTag.notifyDeviceLockStatusChanged():31 Notify device unlocked.
09-08 11:29:59.086 24900 24900 D LifecycleMonitor: Lifecycle status change: androidx.test.core.app.InstrumentationActivityInvoker$BootstrapActivity@8d091f5 in: STOPPED
09-08 11:29:59.093 24900 24900 V ActivityScenario: Activity lifecycle changed event received but ignored because the intent does not match. startActivityIntent=Intent { act=android.intent.action.MAIN cat=[android.intent.category.LAUNCHER] cmp=com.example.lunchtray/androidx.fragment.app.testing.FragmentScenario$EmptyFragmentActivity (has extras) }, activity.getIntent()=Intent { act=android.intent.action.MAIN cat=[android.intent.category.LAUNCHER] flg=0x10008000 cmp=com.example.lunchtray/androidx.test.core.app.InstrumentationActivityInvoker$BootstrapActivity (has extras) }, activity=androidx.test.core.app.InstrumentationActivityInvoker$BootstrapActivity@8d091f5
09-08 11:29:59.097 24900 24900 V ActivityScenario: Activity lifecycle changed event received but ignored because the intent does not match. startActivityIntent=Intent { act=android.intent.action.MAIN cat=[android.intent.category.LAUNCHER] cmp=com.example.lunchtray/.MainActivity }, activity.getIntent()=Intent { act=android.intent.action.MAIN cat=[android.intent.category.LAUNCHER] flg=0x10008000 cmp=com.example.lunchtray/androidx.test.core.app.InstrumentationActivityInvoker$BootstrapActivity (has extras) }, activity=androidx.test.core.app.InstrumentationActivityInvoker$BootstrapActivity@8d091f5
09-08 11:29:59.101 24900 24900 V ActivityScenario: Activity lifecycle changed event received but ignored because the intent does not match. startActivityIntent=Intent { act=android.intent.action.MAIN cat=[android.intent.category.LAUNCHER] cmp=com.example.lunchtray/.MainActivity }, activity.getIntent()=Intent { act=android.intent.action.MAIN cat=[android.intent.category.LAUNCHER] flg=0x10008000 cmp=com.example.lunchtray/androidx.test.core.app.InstrumentationActivityInvoker$BootstrapActivity (has extras) }, activity=androidx.test.core.app.InstrumentationActivityInvoker$BootstrapActivity@8d091f5
09-08 11:29:59.105 24900 24900 V ActivityScenario: Activity lifecycle changed event received but ignored because the intent does not match. startActivityIntent=Intent { act=android.intent.action.MAIN cat=[android.intent.category.LAUNCHER] cmp=com.example.lunchtray/.MainActivity }, activity.getIntent()=Intent { act=android.intent.action.MAIN cat=[android.intent.category.LAUNCHER] flg=0x10008000 cmp=com.example.lunchtray/androidx.test.core.app.InstrumentationActivityInvoker$BootstrapActivity (has extras) }, activity=androidx.test.core.app.InstrumentationActivityInvoker$BootstrapActivity@8d091f5
09-08 11:29:59.189 24900 24900 I ViewInteraction: Performing 'single click' action on view view.getId() is <2131231208/com.example.lunchtray:id/start_order_btn>
09-08 11:29:59.390   561  2051 W InputManager-JNI: Input channel object 'be807bd Splash Screen com.example.lunchtray (client)' was disposed without first being removed with the input manager!
09-08 11:29:59.434   403   507 D AF::Track: interceptBuffer: took 2307us to intercept 0 tracks
09-08 11:29:59.467   561 17433 D SoundPool::StreamManager: moveToRestartQueue: attempting to restart processing stream(376)
09-08 11:29:59.605   325 24976 E android.hardware.audio@6.0-impl.ranchu: pcmWrite:203 pcm_write failed with  (-5)
09-08 11:29:59.606   325 24976 E android.hardware.audio@6.0-impl.ranchu: device/generic/goldfish/audio/talsa.cpp:pcmWrite:204 failure: false
09-08 11:29:59.972 24900 24939 D EGL_emulation: app_time_stats: avg=29.86ms min=6.57ms max=81.64ms count=30
09-08 11:30:00.023 24900 24900 I Choreographer: Skipped 32 frames!  The application may be doing too much work on its main thread.
09-08 11:30:00.235  1074  1138 D EGL_emulation: app_time_stats: avg=872.98ms min=180.30ms max=1565.66ms count=2
09-08 11:30:00.309 20897 20897 D BatteryBroadcastReceiver: onReceive():settings.intelligence.battery.action.FETCH_BATTERY_USAGE_DATA
09-08 11:30:00.310 20897 20916 D BatteryUsageLoaderService: loadUsageDataSafely() in the AsyncTask
09-08 11:30:00.390 24900 24912 I OpenGLRenderer: Davey! duration=887ms; Flags=0, FrameTimelineVsyncId=204654, IntendedVsync=26211210128740, Vsync=26211743462052, InputEventId=0, HandleInputStart=26211759908700, AnimationStart=26211760003300, PerformTraversalsStart=26211762909700, DrawStart=26212038295300, FrameDeadline=26211243462072, FrameInterval=26211756366000, FrameStartTime=16666666, SyncQueued=26212079226000, SyncStart=26212079406600, IssueDrawCommandsStart=26212079884000, SwapBuffers=26212090024000, FrameCompleted=26212097898700, DequeueBufferDuration=76600, QueueBufferDuration=5503100, GpuCompleted=26212097295100, SwapBuffersCompleted=26212097898700, DisplayPresentTime=0,
09-08 11:30:00.406   561  2051 D TelephonyManager: requestModemActivityInfo: Sending result to app: ModemActivityInfo{ mTimestamp=26212097 mSleepTimeMs=0 mIdleTimeMs=23912705 mTxTimeMs[]=[0, 0, 0, 0, 0] mRxTimeMs=0}
09-08 11:30:00.605   561   626 W system_server: Long monitor contention with owner batterystats-worker (627) at void com.android.server.am.BatteryExternalStatsWorker.updateExternalStatsLocked(java.lang.String, int, boolean, boolean, int, boolean)(BatteryExternalStatsWorker.java:696) waiters=0 in void com.android.server.am.BatteryStatsService.lambda$noteStopWakelockFromSource$26$BatteryStatsService(android.os.WorkSource, int, java.lang.String, java.lang.String, int, long, long) for 182ms
09-08 11:30:00.626   319   319 I netd    : trafficSwapActiveStatsMap() <12.94ms>
09-08 11:30:00.633   319   319 I netd    : tetherGetStats() -> {[]} <1.88ms>
09-08 11:30:00.673 24900 24900 I ViewInteraction: Performing 'single click' action on view view.getId() is <2131230844/com.example.lunchtray:id/cauliflower>
09-08 11:30:00.681 20897 20916 W BatteryUsageLoaderService: getBatteryEntryList() returns null or empty content
09-08 11:30:00.681 20897 20916 D BatteryUsageLoaderService: getBatteryUsageStats() in 370/ms
09-08 11:30:00.714 20897 20916 D DatabaseUtils: sendBatteryEntryData() size=1 in 33/ms
09-08 11:30:00.743 20897 20906 W ndroid.setting: Reducing the number of considered missed Gc histogram windows from 669 to 100
09-08 11:30:00.859   403   507 D AudioFlinger: mixer(0x78f335051a70) throttle end: throttle time(32)
09-08 11:30:00.998 24900 24939 D EGL_emulation: app_time_stats: avg=34.07ms min=9.55ms max=257.85ms count=26
09-08 11:30:01.128 24900 24900 I ViewInteraction: Performing 'single click' action on view view.getId() is <2131231081/com.example.lunchtray:id/next_button>
09-08 11:30:01.927 24900 24900 I Choreographer: Skipped 38 frames!  The application may be doing too much work on its main thread.
09-08 11:30:02.007 24900 24939 D EGL_emulation: app_time_stats: avg=20.74ms min=8.22ms max=43.15ms count=43
09-08 11:30:02.155 24900 24913 I OpenGLRenderer: Davey! duration=841ms; Flags=0, FrameTimelineVsyncId=204820, IntendedVsync=26213026795334, Vsync=26213660128642, InputEventId=0, HandleInputStart=26213696793200, AnimationStart=26213696874100, PerformTraversalsStart=26213697567200, DrawStart=26213775900900, FrameDeadline=26213060128666, FrameInterval=26213660331600, FrameStartTime=16666666, SyncQueued=26213836467000, SyncStart=26213839944400, IssueDrawCommandsStart=26213841253100, SwapBuffers=26213866600600, FrameCompleted=26213872043300, DequeueBufferDuration=75300, QueueBufferDuration=1913500, GpuCompleted=26213871448400, SwapBuffersCompleted=26213872043300, DisplayPresentTime=0,
09-08 11:30:02.415 24900 24900 I ViewInteraction: Performing 'single click' action on view view.getId() is <2131231138/com.example.lunchtray:id/salad>
09-08 11:30:02.563   403   507 D AudioFlinger: mixer(0x78f335051a70) throttle end: throttle time(7)
09-08 11:30:02.887 24900 24900 I ViewInteraction: Performing 'single click' action on view view.getId() is <2131231081/com.example.lunchtray:id/next_button>
09-08 11:30:03.026 24900 24939 D EGL_emulation: app_time_stats: avg=29.80ms min=6.64ms max=259.14ms count=31
09-08 11:30:03.030   403   507 D AF::Track: interceptBuffer: took 996us to intercept 0 tracks
09-08 11:30:03.791 24900 24900 I ViewInteraction: Performing 'single click' action on view view.getId() is <2131230835/com.example.lunchtray:id/bread>
09-08 11:30:04.035 24900 24939 D EGL_emulation: app_time_stats: avg=26.97ms min=7.27ms max=279.50ms count=32
09-08 11:30:04.346 24900 24900 I ViewInteraction: Performing 'single click' action on view view.getId() is <2131231081/com.example.lunchtray:id/next_button>
09-08 11:30:04.491   403   507 D AudioFlinger: mixer(0x78f335051a70) throttle end: throttle time(30)
09-08 11:30:05.036 24900 24939 D EGL_emulation: app_time_stats: avg=22.34ms min=7.78ms max=64.11ms count=39
09-08 11:30:05.353 24900 24900 I ViewInteraction: Performing 'single click' action on view view.getId() is <2131231216/com.example.lunchtray:id/submit_button>
09-08 11:30:06.042 24900 24939 D EGL_emulation: app_time_stats: avg=30.59ms min=7.40ms max=266.80ms count=28
09-08 11:30:06.143 24900 24900 I ViewInteraction: Checking 'MatchesViewAssertion{viewMatcher=(view has effective visibility <VISIBLE> and view.getGlobalVisibleRect() to return non-empty rectangle)}' assertion on view an instance of android.widget.TextView and view.getText() with or without transformation to match: a string containing "Order Submitted!"
09-08 11:30:06.148 24900 24936 I TestRunner: finished: order_snackbar(com.example.lunchtray.OrderFunctionalityTests)
